2025 May 22 16:42:04 prplOS kernel: Booting Linux on physical CPU 0x0
2025 May 22 16:42:04 prplOS kernel: Linux version 5.15.167 (jsp@0504a82edf4a) (arm-buildroot-linux-gnueabihf-gcc.br_real (Buildroot 2024.02.1) 13.2.0, GNU ld (GNU Binutils) 2.41) #1 SMP PREEMPT Fri Mar 28 17:19:17 KST 2025
2025 May 22 16:42:04 prplOS kernel: CPU: ARMv7 Processor [410fc075] revision 5 (ARMv7), cr=30c5387d
2025 May 22 16:42:04 prplOS kernel: CPU: div instructions available: patching division code
2025 May 22 16:42:04 prplOS kernel: CPU: PIPT / VIPT nonaliasing data cache, VIPT aliasing instruction cache
2025 May 22 16:42:04 prplOS kernel: OF: fdt: Machine model: Broadcom BCM96766
2025 May 22 16:42:04 prplOS kernel: earlycon: pl11 at MMIO 0x00000000ff812000 (options '115200n8')
2025 May 22 16:42:04 prplOS kernel: printk: bootconsole [pl11] enabled
2025 May 22 16:42:04 prplOS kernel: Memory policy: Data cache writealloc
2025 May 22 16:42:04 prplOS kernel: Reserved memory: created CMA memory pool at 0x000000001e400000, size 284 MiB
2025 May 22 16:42:04 prplOS kernel: OF: reserved mem: initialized node dt_reserved_cma, compatible id shared-dma-pool
2025 May 22 16:42:04 prplOS kernel: OF: reserved mem: 0x000000001e400000..0x000000002fffffff (290816 KiB) map reusable dt_reserved_cma
2025 May 22 16:42:04 prplOS kernel: cma: Reserved 48 MiB at 0x000000003d000000
2025 May 22 16:42:04 prplOS kernel: Zone ranges:
2025 May 22 16:42:04 prplOS kernel: DMA      [mem 0x0000000000000000-0x000000002fffffff]
2025 May 22 16:42:04 prplOS kernel: Normal   empty
2025 May 22 16:42:04 prplOS kernel: HighMem  [mem 0x0000000030000000-0x000000003fffffff]
2025 May 22 16:42:04 prplOS kernel: Movable zone start for each node
2025 May 22 16:42:04 prplOS kernel: Early memory node ranges
2025 May 22 16:42:04 prplOS kernel: node   0: [mem 0x0000000000000000-0x000000003fffffff]
2025 May 22 16:42:04 prplOS kernel: Initmem setup node 0 [mem 0x0000000000000000-0x000000003fffffff]
2025 May 22 16:42:04 prplOS kernel: psci: probing for conduit method from DT.
2025 May 22 16:42:04 prplOS kernel: psci: PSCIv1.1 detected in firmware.
2025 May 22 16:42:04 prplOS kernel: psci: Using standard PSCI v0.2 function IDs
2025 May 22 16:42:04 prplOS kernel: psci: MIGRATE_INFO_TYPE not supported.
2025 May 22 16:42:04 prplOS kernel: psci: SMC Calling Convention v65535.65535
2025 May 22 16:42:04 prplOS kernel: percpu: Embedded 11 pages/cpu s13388 r8192 d23476 u45056
2025 May 22 16:42:04 prplOS kernel: pcpu-alloc: s13388 r8192 d23476 u45056 alloc=11*4096
2025 May 22 16:42:04 prplOS kernel: pcpu-alloc: [0] 0 [0] 1 [0] 2 [0] 3 
2025 May 22 16:42:04 prplOS kernel: Built 1 zonelists, mobility grouping on.  Total pages: 260416
2025 May 22 16:42:04 prplOS kernel: Kernel command line: coherent_pool=4M cpuidle_sysfs_switch pci=pcie_bus_safe console=ttyAMA0,115200 earlycon rootwait rng_core.default_quality=1024 mtdparts=brcmnand.0:2097152(loader),533725184@2097152(image) root=/dev/ubiblock0_6 ubi.mtd=image ubi.block=0,6 rootfstype=squashfs cma=48M
2025 May 22 16:42:04 prplOS kernel: Unknown kernel command line parameters "cpuidle_sysfs_switch", will be passed to user space.
2025 May 22 16:42:04 prplOS kernel: Dentry cache hash table entries: 131072 (order: 7, 524288 bytes, linear)
2025 May 22 16:42:04 prplOS kernel: Inode-cache hash table entries: 65536 (order: 6, 262144 bytes, linear)
2025 May 22 16:42:04 prplOS kernel: mem auto-init: stack:off, heap alloc:off, heap free:off
2025 May 22 16:42:04 prplOS kernel: Memory: 663128K/1048576K available (10240K kernel code, 732K rwdata, 1788K rodata, 2048K init, 1844K bss, 45480K reserved, 339968K cma-reserved, 212992K highmem)
2025 May 22 16:42:04 prplOS kernel: SLUB: HWalign=64, Order=0-3, MinObjects=0, CPUs=4, Nodes=1
2025 May 22 16:42:04 prplOS kernel: rcu: Preemptible hierarchical RCU implementation.
2025 May 22 16:42:04 prplOS kernel: 	Trampoline variant of Tasks RCU enabled.
2025 May 22 16:42:04 prplOS kernel: rcu: RCU calculated value of scheduler-enlistment delay is 100 jiffies.
2025 May 22 16:42:04 prplOS kernel: NR_IRQS: 16, nr_irqs: 16, preallocated irqs: 16
2025 May 22 16:42:04 prplOS kernel: kfence: initialized - using 16785408 bytes for 2048 objects at 0x(ptrval)-0x(ptrval)
2025 May 22 16:42:04 prplOS kernel: map_hw_timer_interrupt,160: interrupt_id 24
2025 May 22 16:42:04 prplOS kernel: map_hw_timer_interrupt,160: interrupt_id 25
2025 May 22 16:42:04 prplOS kernel: map_hw_timer_interrupt,160: interrupt_id 26
2025 May 22 16:42:04 prplOS kernel: map_hw_timer_interrupt,160: interrupt_id 27
2025 May 22 16:42:04 prplOS kernel: clocksource: timer_cs: mask: 0xffffffffffffff max_cycles: 0x127350b881, max_idle_ns: 440795202125 ns
2025 May 22 16:42:04 prplOS kernel: sched_clock: 56 bits at 80MHz, resolution 12ns, wraps every 4398046511100ns
2025 May 22 16:42:04 prplOS kernel: Calibrating delay loop... 3981.31 BogoMIPS (lpj=1990656)
2025 May 22 16:42:04 prplOS kernel: CPU: Testing write buffer coherency: ok
2025 May 22 16:42:04 prplOS kernel: pid_max: default: 32768 minimum: 301
2025 May 22 16:42:04 prplOS kernel: Mount-cache hash table entries: 2048 (order: 1, 8192 bytes, linear)
2025 May 22 16:42:04 prplOS kernel: Mountpoint-cache hash table entries: 2048 (order: 1, 8192 bytes, linear)
2025 May 22 16:42:04 prplOS kernel: Setting up static identity map for 0x200000 - 0x200060
2025 May 22 16:42:04 prplOS kernel: rcu: Hierarchical SRCU implementation.
2025 May 22 16:42:04 prplOS kernel: init_boot_device 0 0
2025 May 22 16:42:04 prplOS kernel: CCB hardware cache coherency enabled
2025 May 22 16:42:04 prplOS kernel: Boot Device: NAND 2K Page
2025 May 22 16:42:04 prplOS kernel: Boot Device: NAND 2K Page
2025 May 22 16:42:04 prplOS kernel: Boot Device: NAND 2K Page
2025 May 22 16:42:04 prplOS kernel: smp: Bringing up secondary CPUs ...
2025 May 22 16:42:04 prplOS kernel: smp: Brought up 1 node, 4 CPUs
2025 May 22 16:42:04 prplOS kernel: SMP: Total of 4 processors activated (15925.24 BogoMIPS).
2025 May 22 16:42:04 prplOS kernel: CPU: All CPU(s) started in SVC mode.
2025 May 22 16:42:04 prplOS kernel: devtmpfs: initialized
2025 May 22 16:42:04 prplOS kernel: VFP support v0.3: implementor 41 architecture 2 part 30 variant 7 rev 5
2025 May 22 16:42:04 prplOS kernel: clocksource: jiffies: mask: 0xffffffff max_cycles: 0xffffffff, max_idle_ns: 1911260446275000 ns
2025 May 22 16:42:04 prplOS kernel: futex hash table entries: 1024 (order: 4, 65536 bytes, linear)
2025 May 22 16:42:04 prplOS kernel: pinctrl core: initialized pinctrl subsystem
2025 May 22 16:42:04 prplOS kernel: NET: Registered PF_NETLINK/PF_ROUTE protocol family
2025 May 22 16:42:04 prplOS kernel: OTP driver initcall
2025 May 22 16:42:04 prplOS kernel: OTP driver scanning DT
2025 May 22 16:42:04 prplOS kernel: Strap driver initcall
2025 May 22 16:42:04 prplOS kernel: init_boot_device 0 0
2025 May 22 16:42:04 prplOS kernel: Strap Register: 0x7fffef42
2025 May 22 16:42:04 prplOS kernel: DMA: preallocated 4096 KiB pool for atomic coherent allocations
2025 May 22 16:42:04 prplOS kernel: thermal_sys: Registered thermal governor 'bang_bang'
2025 May 22 16:42:04 prplOS kernel: thermal_sys: Registered thermal governor 'step_wise'
2025 May 22 16:42:04 prplOS kernel: cpuidle: using governor ladder
2025 May 22 16:42:04 prplOS kernel: PMC driver initcall
2025 May 22 16:42:04 prplOS kernel: PMC driver scanning DT
2025 May 22 16:42:04 prplOS kernel: not match PMC
2025 May 22 16:42:04 prplOS kernel: pmc match PMC brcm,bca-pmc-3-2
2025 May 22 16:42:04 prplOS kernel: Remapping PMC IO memories...
2025 May 22 16:42:04 prplOS kernel: phys              virt          size
2025 May 22 16:42:04 prplOS kernel: 0x00000000ffb01018 0x00000000f0c20018 0x00005080
2025 May 22 16:42:04 prplOS kernel: 0x00000000ffb20000 0x00000000f0c1a000 0x00000240
2025 May 22 16:42:04 prplOS kernel: 0x00000000ffb00400 0x00000000f0c1c400 0x000005d0
2025 May 22 16:42:04 prplOS kernel: 0x00000000ffb80000 0x00000000f0c27000 0x00001000
2025 May 22 16:42:04 prplOS kernel: pmc_init:PMC using DQM mode
2025 May 22 16:42:04 prplOS kernel: BCM UBUS Driver initcall
2025 May 22 16:42:04 prplOS kernel: ubus systop  		 phys addr 0x0000000083000000 virt addr 0xf0c2b000
2025 May 22 16:42:04 prplOS kernel: ubus registration  	 phys addr 0x0000000083000200 virt addr 0xf0c2d200
2025 May 22 16:42:04 prplOS kernel: ubus mst node BIU	 phys addr 0x0000000083020000 virt addr 0xf0c30000
2025 May 22 16:42:04 prplOS kernel: ubus mst node PER	 phys addr 0x0000000083010000 virt addr 0xf0c38000
2025 May 22 16:42:04 prplOS kernel: ubus mst node USB	 phys addr 0x0000000083048000 virt addr 0xf0c40000
2025 May 22 16:42:04 prplOS kernel: ubus mst node SPU	 phys addr 0x0000000083040000 virt addr 0xf0c48000
2025 May 22 16:42:04 prplOS kernel: ubus mst node PCIE0	 phys addr 0x0000000083030000 virt addr 0xf0c50000
2025 May 22 16:42:04 prplOS kernel: ubus mst node PCIE1	 phys addr 0x0000000083038000 virt addr 0xf0c58000
2025 May 22 16:42:04 prplOS kernel: ubus mst node CNPTOP	 phys addr 0x0000000083050000 virt addr 0xf0c60000
2025 May 22 16:42:04 prplOS kernel: ubus mst node CNPPHY	 phys addr 0x0000000083058000 virt addr 0xf0c68000
2025 May 22 16:42:04 prplOS kernel: ubus mst node WIFI0	 phys addr 0x0000000083060000 virt addr 0xf0c70000
2025 May 22 16:42:04 prplOS kernel: ubus mst node WIFI1	 phys addr 0x0000000083068000 virt addr 0xf0c78000
2025 May 22 16:42:04 prplOS kernel: ubus mst node MLO0	 phys addr 0x0000000083070000 virt addr 0xf0c80000
2025 May 22 16:42:04 prplOS kernel: ubus mst node MLO1	 phys addr 0x0000000083078000 virt addr 0xf0c88000
2025 May 22 16:42:04 prplOS kernel: Serial: AMBA PL011 UART driver
2025 May 22 16:42:04 prplOS kernel: bcm_rsvmem plat_rsvmem_cached_device: assigned reserved memory node dt_reserved_cma
2025 May 22 16:42:04 prplOS kernel: reserved CMA memory bufmem virt addr de400000 phys addr 0x000000001e400000 size 0x10000000 cached=1
2025 May 22 16:42:04 prplOS kernel: reserved CMA memory rnrmem virt addr ee400000 phys addr 0x000000002e400000 size 0xd00000 cached=1
2025 May 22 16:42:04 prplOS kernel: bcm_rsvmem plat_rsvmem_uncached_device: assigned reserved memory node dt_reserved_cma
2025 May 22 16:42:04 prplOS kernel: reserved CMA memory dhd0 virt addr ef100000 phys addr 0x000000002f100000 size 0xe00000 cached=0
2025 May 22 16:42:04 prplOS kernel: brcm_otp_init entry
2025 May 22 16:42:04 prplOS kernel: bcm-bca-gpio ff800500.gpioc: Setting up BCA GPIO controller 
2025 May 22 16:42:04 prplOS kernel: gpio-4 (wifi_6g_rf_dis): hogged as output/high
2025 May 22 16:42:04 prplOS kernel: gpio-16 (wifi_5g_pwr): hogged as output/high
2025 May 22 16:42:04 prplOS kernel: gpio-3 (pok_soc): hogged as input
2025 May 22 16:42:04 prplOS kernel: gpio-32 (hw_rev_0): hogged as input
2025 May 22 16:42:04 prplOS kernel: gpio-33 (hw_rev_1): hogged as input
2025 May 22 16:42:04 prplOS kernel: gpio-34 (hw_rev_2): hogged as input
2025 May 22 16:42:04 prplOS kernel: bca_extintr ff800004.bca_extintr0: Ext_Int_0 HWIrq 80 virq 67
2025 May 22 16:42:04 prplOS kernel: bca_extintr ff800004.bca_extintr0: Ext_Int_1 HWIrq 81 virq 68
2025 May 22 16:42:04 prplOS kernel: bca_extintr ff800004.bca_extintr0: Ext_Int_2 HWIrq 82 virq 69
2025 May 22 16:42:04 prplOS kernel: bca_extintr ff800004.bca_extintr0: Ext_Int_3 HWIrq 83 virq 70
2025 May 22 16:42:04 prplOS kernel: bca_extintr ff800004.bca_extintr0: Ext_Int_4 HWIrq 84 virq 71
2025 May 22 16:42:04 prplOS kernel: bca_extintr ff800004.bca_extintr0: Ext_Int_5 HWIrq 85 virq 72
2025 May 22 16:42:04 prplOS kernel: bca_extintr ff800004.bca_extintr0: Ext_Int_6 HWIrq 86 virq 73
2025 May 22 16:42:04 prplOS kernel: bca_extintr ff800004.bca_extintr0: Ext_Int_7 HWIrq 87 virq 74
2025 May 22 16:42:04 prplOS kernel: bca_extintr ff800004.bca_extintr0: Readed resouce bca_extintr0 start 0xff800004 end 0xff80004b
2025 May 22 16:42:04 prplOS kernel: ff812000.serial0: ttyAMA0 at MMIO 0xff812000 (irq = 75, base_baud = 0) is a PL011 rev3
2025 May 22 16:42:04 prplOS kernel: printk: console [ttyAMA0] enabled
2025 May 22 16:42:04 prplOS kernel: printk: bootconsole [pl11] disabled
2025 May 22 16:42:04 prplOS kernel: bcm-bca-cled-ctrl ff803000.led_ctrl: max supported leds 64[64]
2025 May 22 16:42:04 prplOS kernel: bcm-bca-cled-ctrl ff803000.led_ctrl:  Parallel CLED interface found
2025 May 22 16:42:04 prplOS kernel: bcm-bca-cled-ctrl ff803000.led_ctrl: BCA CLED Controller initialized
2025 May 22 16:42:04 prplOS kernel: bca_pmc ffb01018.pmc: IRQ pmc-irq not found
2025 May 22 16:42:04 prplOS kernel: IRQ virt [79] registered as pmc temp warning interrupt
2025 May 22 16:42:04 prplOS kernel: OF: /maintenance: could not get #gpio-cells for /periph/pinctrl/pincontroller-functions/nand_data_pinmux
2025 May 22 16:42:04 prplOS kernel: SCSI subsystem initialized
2025 May 22 16:42:04 prplOS kernel: usbcore: registered new interface driver usbfs
2025 May 22 16:42:04 prplOS kernel: usbcore: registered new interface driver hub
2025 May 22 16:42:04 prplOS kernel: usbcore: registered new device driver usb
2025 May 22 16:42:04 prplOS kernel: bcm-dgasp ff85a004.dying_gasp: Dying Gasp platform device brcm,dgasp-periph matched
2025 May 22 16:42:04 prplOS kernel: dg-periph-reg: 0xff85a004<-->0xf0c99004:0x00000000
2025 May 22 16:42:04 prplOS kernel: dg-get-otp-trim: 0x00000001
2025 May 22 16:42:04 prplOS kernel: otp-dg-trim    : 0x00000000
2025 May 22 16:42:04 prplOS kernel: dg-get-otp-hys : 0x00000001
2025 May 22 16:42:04 prplOS kernel: otp-dg-hys     : 0x00000002
2025 May 22 16:42:04 prplOS kernel: #### [HMX] Dying Gasp Init ####
2025 May 22 16:42:04 prplOS kernel: DYING GASP IRQ Initialized and Enabled
2025 May 22 16:42:04 prplOS kernel: bcm-bca-leds ff803000.led_ctrl:sw_parallel_led_27: led 27 registered
2025 May 22 16:42:04 prplOS kernel: bcm-bca-leds ff803000.led_ctrl:sw_parallel_led_28: led 28 registered
2025 May 22 16:42:04 prplOS kernel: bcm-bca-leds ff803000.led_ctrl:sw_parallel_led_29: led 29 registered
2025 May 22 16:42:04 prplOS kernel: bcm-bca-leds ff803000.led_ctrl:sw_parallel_led_31: led 31 registered
2025 May 22 16:42:04 prplOS kernel: bcm-bca-leds ff803000.led_ctrl:gpio_led_35: led 35 registered
2025 May 22 16:42:04 prplOS kernel: bcm-bca-leds ff803000.led_ctrl:gpio_led_36: led 36 registered
2025 May 22 16:42:04 prplOS kernel: bca_extintr ff800004.bca_extintr0: GPIO 18 is mapped to ExtIntr_0 [virq 67]
2025 May 22 16:42:04 prplOS kernel: bca_extintr ff800004.bca_extintr0: GPIO 30 is mapped to ExtIntr_1 [virq 68]
2025 May 22 16:42:04 prplOS kernel: input: buttons as /devices/platform/buttons/input/input0
2025 May 22 16:42:04 prplOS kernel: Broadcom GBPMv0.1 initialized
2025 May 22 16:42:04 prplOS kernel: Broadcom IQoS v1.0 initialized
2025 May 22 16:42:04 prplOS kernel: Broadcom Logger v0.1
2025 May 22 16:42:04 prplOS kernel: Char device /dev/bcmnet(252) registered
2025 May 22 16:42:04 prplOS kernel: Assigning idx[1] for lo
2025 May 22 16:42:04 prplOS kernel: skb_free_task created successfully with start budget 32, period 10ms
2025 May 22 16:42:04 prplOS kernel: [0;34mBLOG v3.0 Initialized[0m
2025 May 22 16:42:04 prplOS kernel: BLOG Rule v1.0 Initialized
2025 May 22 16:42:04 prplOS kernel: create_bcm_tcp_task:348 bind_mask:0x6
2025 May 22 16:42:04 prplOS kernel: bcm_tcp_task created successfully with budget 256 ,cpumask:0x6
2025 May 22 16:42:04 prplOS kernel: clocksource: Switched to clocksource timer_cs
2025 May 22 16:42:04 prplOS kernel: NET: Registered PF_INET protocol family
2025 May 22 16:42:04 prplOS kernel: IP idents hash table entries: 16384 (order: 5, 131072 bytes, linear)
2025 May 22 16:42:04 prplOS kernel: tcp_listen_portaddr_hash hash table entries: 512 (order: 0, 6144 bytes, linear)
2025 May 22 16:42:04 prplOS kernel: Table-perturb hash table entries: 65536 (order: 6, 262144 bytes, linear)
2025 May 22 16:42:04 prplOS kernel: TCP established hash table entries: 8192 (order: 3, 32768 bytes, linear)
2025 May 22 16:42:04 prplOS kernel: TCP bind hash table entries: 8192 (order: 4, 65536 bytes, linear)
2025 May 22 16:42:04 prplOS kernel: TCP: Hash tables configured (established 8192 bind 8192)
2025 May 22 16:42:04 prplOS kernel: MPTCP token hash table entries: 1024 (order: 2, 16384 bytes, linear)
2025 May 22 16:42:04 prplOS kernel: UDP hash table entries: 512 (order: 2, 16384 bytes, linear)
2025 May 22 16:42:04 prplOS kernel: UDP-Lite hash table entries: 512 (order: 2, 16384 bytes, linear)
2025 May 22 16:42:04 prplOS kernel: NET: Registered PF_UNIX/PF_LOCAL protocol family
2025 May 22 16:42:04 prplOS kernel: RPC: Registered named UNIX socket transport module.
2025 May 22 16:42:04 prplOS kernel: RPC: Registered udp transport module.
2025 May 22 16:42:04 prplOS kernel: RPC: Registered tcp transport module.
2025 May 22 16:42:04 prplOS kernel: RPC: Registered tcp NFSv4.1 backchannel transport module.
2025 May 22 16:42:04 prplOS kernel: Assigning idx[2] for blogtcp_local
2025 May 22 16:42:04 prplOS kernel: blogtcp_local netdev registered successfully 
2025 May 22 16:42:04 prplOS kernel: PCI: CLS 0 bytes, default 64
2025 May 22 16:42:04 prplOS kernel: Initialise system trusted keyrings
2025 May 22 16:42:04 prplOS kernel: workingset: timestamp_bits=14 max_order=18 bucket_order=4
2025 May 22 16:42:04 prplOS kernel: squashfs: version 4.0 (2009/01/31) Phillip Lougher
2025 May 22 16:42:04 prplOS kernel: ntfs3: Read-only LZX/Xpress compression included
2025 May 22 16:42:04 prplOS kernel: jffs2: version 2.2. (NAND) (SUMMARY)  © 2001-2006 Red Hat, Inc.
2025 May 22 16:42:04 prplOS kernel: Key type asymmetric registered
2025 May 22 16:42:04 prplOS kernel: Asymmetric key parser 'x509' registered
2025 May 22 16:42:04 prplOS kernel: io scheduler mq-deadline registered
2025 May 22 16:42:04 prplOS kernel: io scheduler kyber registered
2025 May 22 16:42:04 prplOS kernel: iproc-rng200 ff800b80.rng: hwrng registered
2025 May 22 16:42:04 prplOS kernel: random: crng init done
2025 May 22 16:42:04 prplOS kernel: bcmbca-trng ff803800.trng: bcmbca-trng registered
2025 May 22 16:42:04 prplOS kernel: brd: module loaded
2025 May 22 16:42:04 prplOS kernel: loop: module loaded
2025 May 22 16:42:04 prplOS kernel: nand: device found, Manufacturer ID: 0xad, Chip ID: 0xdc
2025 May 22 16:42:04 prplOS kernel: nand: Hynix HY27U4G8F2D ??512MiB?? 3.3V 8-bit
2025 May 22 16:42:04 prplOS kernel: nand: 512 MiB, SLC, erase size: 128 KiB, page size: 2048, OOB size: 64
2025 May 22 16:42:04 prplOS kernel: bcmbca_nand ff801800.nand: Adjust timing_1 to 0x6532845b timing_2 to 0x00091e94
2025 May 22 16:42:04 prplOS kernel: bcmbca_nand ff801800.nand: detected 512MiB total, 128KiB blocks, 2KiB pages, 16B OOB, 8-bit, BCH-4
2025 May 22 16:42:04 prplOS kernel: Bad block table found at page 262080, version 0x01
2025 May 22 16:42:04 prplOS kernel: Bad block table found at page 262016, version 0x01
2025 May 22 16:42:04 prplOS kernel: 2 cmdlinepart partitions found on MTD device brcmnand.0
2025 May 22 16:42:04 prplOS kernel: Creating 2 MTD partitions on "brcmnand.0":
2025 May 22 16:42:04 prplOS kernel: 0x000000000000-0x000000200000 : "loader"
2025 May 22 16:42:04 prplOS kernel: 0x000000200000-0x00001ff00000 : "image"
2025 May 22 16:42:04 prplOS kernel: bcmbca-hsspi ff801000.spi: IRQ index 0 not found
2025 May 22 16:42:04 prplOS kernel: bcmbca-hsspi ff801000.spi: spi driver using polling mode
2025 May 22 16:42:04 prplOS kernel: bcmbca-hsspi ff801000.spi: Broadcom BCMBCA High Speed SPI Controller driver
2025 May 22 16:42:04 prplOS kernel: bcmbca-hsspi ff801000.spi: spi driver using polling mode
2025 May 22 16:42:04 prplOS kernel: Assigning idx[3] for dummy0
2025 May 22 16:42:04 prplOS kernel: Assigning idx[4] for ifb0
2025 May 22 16:42:04 prplOS kernel: Assigning idx[5] for ifb1
2025 May 22 16:42:04 prplOS kernel: PPP generic driver version 2.4.2
2025 May 22 16:42:04 prplOS kernel: PPP BSD Compression module registered
2025 May 22 16:42:04 prplOS kernel: PPP Deflate Compression module registered
2025 May 22 16:42:04 prplOS kernel: NET: Registered PF_PPPOX protocol family
2025 May 22 16:42:04 prplOS kernel: PPTP driver version 0.8.5
2025 May 22 16:42:04 prplOS kernel: usbcore: registered new interface driver asix
2025 May 22 16:42:04 prplOS kernel: usbcore: registered new interface driver ax88179_178a
2025 May 22 16:42:04 prplOS kernel: usbcore: registered new interface driver cdc_ether
2025 May 22 16:42:04 prplOS kernel: usbcore: registered new interface driver cdc_eem
2025 May 22 16:42:04 prplOS kernel: usbcore: registered new interface driver rndis_host
2025 May 22 16:42:04 prplOS kernel: usbcore: registered new interface driver cdc_ncm
2025 May 22 16:42:04 prplOS kernel: usbcore: registered new interface driver r8153_ecm
2025 May 22 16:42:04 prplOS kernel: i2c_dev: i2c /dev entries driver
2025 May 22 16:42:04 prplOS kernel: bcm96xxx-wdt ff800480.watchdog: Using clock  80000000
2025 May 22 16:42:04 prplOS kernel: SMCCC: SOC_ID: ARCH_SOC_ID not implemented, skipping ....
2025 May 22 16:42:04 prplOS kernel: usbcore: registered new interface driver usbhid
2025 May 22 16:42:04 prplOS kernel: usbhid: USB HID core driver
2025 May 22 16:42:04 prplOS kernel: GACT probability NOT on
2025 May 22 16:42:04 prplOS kernel: Mirror/redirect action on
2025 May 22 16:42:04 prplOS kernel: Simple TC action Loaded
2025 May 22 16:42:04 prplOS kernel: Assigning idx[6] for teql0
2025 May 22 16:42:04 prplOS kernel: netem: version 1.3
2025 May 22 16:42:04 prplOS kernel: u32 classifier
2025 May 22 16:42:04 prplOS kernel: input device check on
2025 May 22 16:42:04 prplOS kernel: Actions configured
2025 May 22 16:42:04 prplOS kernel: gre: GRE over IPv4 demultiplexor driver
2025 May 22 16:42:04 prplOS kernel: ip_gre: GRE over IPv4 tunneling driver
2025 May 22 16:42:04 prplOS kernel: Assigning idx[7] for gre0
2025 May 22 16:42:04 prplOS kernel: Assigning idx[8] for gretap0
2025 May 22 16:42:04 prplOS kernel: Assigning idx[9] for erspan0
2025 May 22 16:42:04 prplOS kernel: Initializing XFRM netlink socket
2025 May 22 16:42:04 prplOS kernel: NET: Registered PF_INET6 protocol family
2025 May 22 16:42:04 prplOS kernel: Segment Routing with IPv6
2025 May 22 16:42:04 prplOS kernel: In-situ OAM (IOAM) with IPv6
2025 May 22 16:42:04 prplOS kernel: sit: IPv6, IPv4 and MPLS over IPv4 tunneling driver
2025 May 22 16:42:04 prplOS kernel: Assigning idx[10] for sit0
2025 May 22 16:42:04 prplOS kernel: Assigning idx[11] for ip6tnl0
2025 May 22 16:42:04 prplOS kernel: ip6_gre: GRE over IPv6 tunneling driver
2025 May 22 16:42:04 prplOS kernel: Assigning idx[12] for ip6gre0
2025 May 22 16:42:04 prplOS kernel: NET: Registered PF_PACKET protocol family
2025 May 22 16:42:04 prplOS kernel: NET: Registered PF_KEY protocol family
2025 May 22 16:42:04 prplOS kernel: bridge: filtering via arp/ip/ip6tables is no longer available by default. Update your scripts to load br_netfilter if you need this.
2025 May 22 16:42:04 prplOS kernel: l2tp_core: L2TP core driver, V2.0
2025 May 22 16:42:04 prplOS kernel: l2tp_ppp: PPPoL2TP kernel driver, V2.0
2025 May 22 16:42:04 prplOS kernel: 8021q: 802.1Q VLAN Support v1.8
2025 May 22 16:42:04 prplOS kernel: sctp: Hash tables configured (bind 512/512)
2025 May 22 16:42:04 prplOS kernel: brcmboard registered
2025 May 22 16:42:04 prplOS kernel: brcmboard: brcm_board_init entry
2025 May 22 16:42:04 prplOS kernel: i2c-bcm63000 ff802100.i2c0: Broadcom BCM96xxx I2C driver
2025 May 22 16:42:04 prplOS kernel: bcm_memc 80060200.memory_controller: matched the memory controller to brcm,bcm-memc
2025 May 22 16:42:04 prplOS kernel: ioremapped reg phyctl_idle_pad_ctl <0x80060200 0x4> to f0d74200
2025 May 22 16:42:04 prplOS kernel: ioremapped reg phyctl_idle_pad_en0 <0x80060204 0x4> to f0d76204
2025 May 22 16:42:04 prplOS kernel: ioremapped reg phyctl_idle_pad_en1 <0x80060208 0x4> to f0d78208
2025 May 22 16:42:04 prplOS kernel: ioremapped reg phybl0_idle_pad_ctl <0x80060724 0x4> to f0d7a724
2025 May 22 16:42:04 prplOS kernel: ioremapped reg phybl1_idle_pad_ctl <0x80060924 0x4> to f0d7c924
2025 May 22 16:42:04 prplOS kernel: ioremapped reg phybl0_clock_idle <0x80060744 0x4> to f0d7e744
2025 May 22 16:42:04 prplOS kernel: ioremapped reg phybl1_clock_idle <0x80060944 0x4> to f0d80944
2025 May 22 16:42:04 prplOS kernel: ioremapped reg auto_self_refresh <0x8004000c 0x4> to f0d8200c
2025 May 22 16:42:04 prplOS kernel: ioremapped reg glb_gcfg <0x80040008 0x4> to f0d84008
2025 May 22 16:42:04 prplOS kernel: bcm_memc_get_spd_mhz: memcfg=0x121535 spd_mhz=1600
2025 May 22 16:42:04 prplOS kernel: bcm-ubus-dcm 83000080.ubus_dcm_sys: Broadcom BCA UBUS DCM Driver
2025 May 22 16:42:04 prplOS kernel: bcm-ubus-dcm 83000080.ubus_dcm_sys: ubus dcm clk resource [mem 0x83000080-0x830000ff flags 0x200]
2025 May 22 16:42:04 prplOS kernel: bcm-ubus-dcm 83000080.ubus_dcm_sys: map to virt addr 0xf0d86080
2025 May 22 16:42:04 prplOS kernel: remote_button_init: failed to register remote action for remote_button
2025 May 22 16:42:04 prplOS kernel: hmxboard registered
2025 May 22 16:42:04 prplOS kernel: hmxboard: hmx_board_init entry
2025 May 22 16:42:04 prplOS kernel: [HNE2306] H/W Board Revision : idx = 2, v0.3
2025 May 22 16:42:04 prplOS kernel: 
2025 May 22 16:42:04 prplOS kernel: Optical detection module loaded.
2025 May 22 16:42:04 prplOS kernel: BOOT REASON 0x4024
2025 May 22 16:42:04 prplOS kernel: RESET STATUS 0x20000000
2025 May 22 16:42:04 prplOS kernel: Assigning idx[13] for blog_esp_us_dev
2025 May 22 16:42:04 prplOS kernel: Assigning idx[14] for blog_esp_ds_dev
2025 May 22 16:42:04 prplOS kernel: Bridge Broadcom hooks registered
2025 May 22 16:42:04 prplOS kernel: ebt_blog registered
2025 May 22 16:42:04 prplOS kernel: ebt_ftos registered
2025 May 22 16:42:04 prplOS kernel: ebt_qos_map registered
2025 May 22 16:42:04 prplOS kernel: ebt_time registered
2025 May 22 16:42:04 prplOS kernel: ebt_dscp registered
2025 May 22 16:42:04 prplOS kernel: ebt_vtag registered
2025 May 22 16:42:04 prplOS kernel: ebt_wmm_mark registered
2025 May 22 16:42:04 prplOS kernel: ebt_reject registered
2025 May 22 16:42:04 prplOS kernel: brcm-mdio 80486000.mdiosf2: registered
2025 May 22 16:42:04 prplOS kernel: MDIO Clock Divider Value: 12 Probe mode: No
2025 May 22 16:42:04 prplOS kernel: brcm-serdes1 80482000.serdes: registered
2025 May 22 16:42:04 prplOS kernel: brcm,eth-phy-top 80480000.ethphytop: registered
2025 May 22 16:42:04 prplOS kernel: swblks 80400000.swblks: registered
2025 May 22 16:42:04 prplOS kernel: brcm-ephyled 8048017c.ephyled: registered
2025 May 22 16:42:04 prplOS kernel: Registering SWP/SWPB emulation handler
2025 May 22 16:42:04 prplOS kernel: Loading compiled-in X.509 certificates
2025 May 22 16:42:04 prplOS kernel: ubi0: attaching mtd2
2025 May 22 16:42:04 prplOS kernel: ubi0: scanning is finished
2025 May 22 16:42:04 prplOS kernel: ubi0: attached mtd2 (name "image", size 509 MiB)
2025 May 22 16:42:04 prplOS kernel: ubi0: PEB size: 131072 bytes (128 KiB), LEB size: 126976 bytes
2025 May 22 16:42:04 prplOS kernel: ubi0: min./max. I/O unit sizes: 2048/2048, sub-page size 2048
2025 May 22 16:42:04 prplOS kernel: ubi0: VID header offset: 2048 (aligned 2048), data offset: 4096
2025 May 22 16:42:04 prplOS kernel: ubi0: good PEBs: 4072, bad PEBs: 0, corrupted PEBs: 0
2025 May 22 16:42:04 prplOS kernel: ubi0: user volume: 10, internal volumes: 1, max. volumes count: 128
2025 May 22 16:42:04 prplOS kernel: ubi0: max/mean erase counter: 71/37, WL threshold: 4096, image sequence number: 1262127063
2025 May 22 16:42:04 prplOS kernel: ubi0: available PEBs: 785, total reserved PEBs: 3287, PEBs reserved for bad PEB handling: 80
2025 May 22 16:42:04 prplOS kernel: ubi0: background thread "ubi_bgt0d" started, PID 270
2025 May 22 16:42:04 prplOS kernel: block ubiblock0_6: created from ubi0:6(rootfs2)
2025 May 22 16:42:04 prplOS kernel: Registered phy device: EGPHY:0x8
2025 May 22 16:42:04 prplOS kernel: Registered phy device: EXT3:0x14
2025 May 22 16:42:04 prplOS kernel: Registered phy device: 10GAE:0x6
2025 May 22 16:42:04 prplOS kernel: clk: Disabling unused clocks
2025 May 22 16:42:04 prplOS kernel: VFS: Mounted root (squashfs filesystem) readonly on device 254:0.
2025 May 22 16:42:04 prplOS kernel: devtmpfs: mounted
2025 May 22 16:42:04 prplOS kernel: Freeing unused kernel image (initmem) memory: 2048K
2025 May 22 16:42:04 prplOS kernel: Checked W+X mappings: passed, no W+X pages found
2025 May 22 16:42:04 prplOS kernel: Run /sbin/init as init process
2025 May 22 16:42:04 prplOS kernel: with arguments:
2025 May 22 16:42:04 prplOS kernel: /sbin/init
2025 May 22 16:42:04 prplOS kernel: cpuidle_sysfs_switch
2025 May 22 16:42:04 prplOS kernel: with environment:
2025 May 22 16:42:04 prplOS kernel: HOME=/
2025 May 22 16:42:04 prplOS kernel: TERM=linux
2025 May 22 16:42:04 prplOS kernel: Attempting to mount cgroups (tmpfs + controller subdirs)
2025 May 22 16:42:04 prplOS kernel: Mounted /sys/fs/cgroup/cpuset
2025 May 22 16:42:04 prplOS kernel: Mounted /sys/fs/cgroup/cpu
2025 May 22 16:42:04 prplOS kernel: Mounted /sys/fs/cgroup/cpuacct
2025 May 22 16:42:04 prplOS kernel: Mounted /sys/fs/cgroup/blkio
2025 May 22 16:42:04 prplOS kernel: Mounted /sys/fs/cgroup/memory
2025 May 22 16:42:04 prplOS kernel: Mounted /sys/fs/cgroup/devices
2025 May 22 16:42:04 prplOS kernel: Mounted /sys/fs/cgroup/freezer
2025 May 22 16:42:04 prplOS kernel: cgroup2: Unknown parameter 'none'
2025 May 22 16:42:04 prplOS kernel: Mounted /sys/fs/cgroup/systemd
2025 May 22 16:42:04 prplOS kernel: Console is alive
2025 May 22 16:42:04 prplOS kernel: - watchdog -
2025 May 22 16:42:04 prplOS kernel: loading kernel modules from /etc/modules-boot.d/*
2025 May 22 16:42:04 prplOS kernel: done loading kernel modules from /etc/modules-boot.d/*
2025 May 22 16:42:04 prplOS kernel: - preinit -
2025 May 22 16:42:04 prplOS kernel: rootdisk_volume_find rootdev:/dev/ubiblock0_6
2025 May 22 16:42:04 prplOS kernel: UBIFS (ubi0:20): Mounting in unauthenticated mode
2025 May 22 16:42:04 prplOS kernel: UBIFS (ubi0:20): background thread "ubifs_bgt0_20" started, PID 395
2025 May 22 16:42:04 prplOS kernel: UBIFS (ubi0:20): recovery needed
2025 May 22 16:42:04 prplOS kernel: UBIFS (ubi0:20): recovery completed
2025 May 22 16:42:04 prplOS kernel: UBIFS (ubi0:20): UBIFS: mounted UBI device 0, volume 20, name "rootfs_data"
2025 May 22 16:42:04 prplOS kernel: UBIFS (ubi0:20): LEB size: 126976 bytes (124 KiB), min./max. I/O unit sizes: 2048 bytes/2048 bytes
2025 May 22 16:42:04 prplOS kernel: UBIFS (ubi0:20): FS size: 103485440 bytes (98 MiB, 815 LEBs), max 826 LEBs, journal size 5206016 bytes (4 MiB, 41 LEBs)
2025 May 22 16:42:04 prplOS kernel: UBIFS (ubi0:20): reserved for root: 4887873 bytes (4773 KiB)
2025 May 22 16:42:04 prplOS kernel: UBIFS (ubi0:20): media format: w5/r0 (latest is w5/r0), UUID A4368AE7-5DB9-4985-8BB6-C1C365450264, small LPT model
2025 May 22 16:42:04 prplOS kernel: switching to ubifs overlay
2025 May 22 16:42:04 prplOS kernel: Seeding with /etc/urandom.seed
2025 May 22 16:42:04 prplOS kernel: - early -
2025 May 22 16:42:04 prplOS kernel: - watchdog -
2025 May 22 16:42:04 prplOS kernel: - watchdog -
2025 May 22 16:42:04 prplOS kernel: - ubus -
2025 May 22 16:42:04 prplOS kernel: - init -
2025 May 22 16:42:04 prplOS kernel: v1.0.2 started.
2025 May 22 16:42:04 prplOS kernel: loading kernel modules from /etc/modules.d/*
2025 May 22 16:42:04 prplOS kernel: done loading kernel modules from /etc/modules.d/*
2025 May 22 16:42:04 prplOS kernel: UBIFS (ubi0:10): Mounting in unauthenticated mode
2025 May 22 16:42:04 prplOS kernel: UBIFS (ubi0:10): background thread "ubifs_bgt0_10" started, PID 788
2025 May 22 16:42:04 prplOS kernel: UBIFS (ubi0:10): UBIFS: mounted UBI device 0, volume 10, name "data"
2025 May 22 16:42:04 prplOS kernel: UBIFS (ubi0:10): LEB size: 126976 bytes (124 KiB), min./max. I/O unit sizes: 2048 bytes/2048 bytes
2025 May 22 16:42:04 prplOS kernel: UBIFS (ubi0:10): FS size: 103485440 bytes (98 MiB, 815 LEBs), max 826 LEBs, journal size 5206016 bytes (4 MiB, 41 LEBs)
2025 May 22 16:42:04 prplOS kernel: UBIFS (ubi0:10): reserved for root: 4887873 bytes (4773 KiB)
2025 May 22 16:42:04 prplOS kernel: UBIFS (ubi0:10): media format: w5/r0 (latest is w5/r0), UUID DEF071F4-E811-439B-9E4A-37417CEBC334, small LPT model
2025 May 22 16:42:04 prplOS kernel: UBIFS (ubi0:11): Mounting in unauthenticated mode
2025 May 22 16:42:04 prplOS kernel: UBIFS (ubi0:11): background thread "ubifs_bgt0_11" started, PID 794
2025 May 22 16:42:04 prplOS kernel: UBIFS (ubi0:11): UBIFS: mounted UBI device 0, volume 11, name "defaults"
2025 May 22 16:42:04 prplOS kernel: UBIFS (ubi0:11): LEB size: 126976 bytes (124 KiB), min./max. I/O unit sizes: 2048 bytes/2048 bytes
2025 May 22 16:42:04 prplOS kernel: UBIFS (ubi0:11): FS size: 3047424 bytes (2 MiB, 24 LEBs), max 34 LEBs, journal size 1015809 bytes (0 MiB, 6 LEBs)
2025 May 22 16:42:04 prplOS kernel: UBIFS (ubi0:11): reserved for root: 143937 bytes (140 KiB)
2025 May 22 16:42:04 prplOS kernel: UBIFS (ubi0:11): media format: w5/r0 (latest is w5/r0), UUID 6AA656FB-E922-4174-A976-354BC499D2CB, small LPT model
2025 May 22 16:42:04 prplOS kernel: Initializing WLCSM Module
2025 May 22 16:42:04 prplOS kernel: WLCSM Module loaded successfully 
2025 May 22 16:42:04 prplOS kernel: BCMLIBS loaded...
2025 May 22 16:42:04 prplOS kernel: bcm_mpm: module license 'Proprietary' taints kernel.
2025 May 22 16:42:04 prplOS kernel: Disabling lock debugging due to kernel taint
2025 May 22 16:42:04 prplOS kernel: [0;36;44mBroadcom MPM Driver Initializing[0m
2025 May 22 16:42:04 prplOS kernel: Pool[0]: buffer_size 2688 bytes, min 3, alloc 3 EBUFs (3072 bytes)
2025 May 22 16:42:04 prplOS kernel: ====> ebuf_size 1024: wastage 384
2025 May 22 16:42:04 prplOS kernel: Pool[0]: buffer_size 2688 bytes, min 2, alloc 2 EBUFs (4096 bytes)
2025 May 22 16:42:04 prplOS kernel: ====> ebuf_size 2048: wastage 1408
2025 May 22 16:42:04 prplOS kernel: MPM: virt_base = 0xde400000, phys_base = 0x000000001e400000, total_mem_size = 268435456
2025 May 22 16:42:04 prplOS kernel: MPM: ebuf_size = 1024, ebuf_total = 262144/262144
2025 May 22 16:42:04 prplOS kernel: Pool[0]: buffer_size 2688 bytes, min 3, alloc 3 EBUFs (3072 bytes)
2025 May 22 16:42:04 prplOS kernel: Pool[1]: Disabled
2025 May 22 16:42:04 prplOS kernel: Pool[2]: Disabled
2025 May 22 16:42:04 prplOS kernel: Pool[3]: Disabled
2025 May 22 16:42:04 prplOS kernel: MPM Pool Numbers: SKB = 0, Data = 0
2025 May 22 16:42:04 prplOS kernel: MPM Registers are mapped to 0xf11b0000 (Phys@0x80220000)
2025 May 22 16:42:04 prplOS kernel: MPM Total Commands = 39/64
2025 May 22 16:42:04 prplOS kernel: MPM: ebuf_size 4, mpm_size_log2_kb 8
2025 May 22 16:42:04 prplOS kernel: MPM Enabled
2025 May 22 16:42:04 prplOS kernel: MPM Debug Timer Initialized
2025 May 22 16:42:04 prplOS kernel: [0;36;44mBroadcom HW Memory Pool Manager (MPM) Char Driver v0.1 Registered <342>[0m
2025 May 22 16:42:04 prplOS kernel: Broadcom BPM Module Char Driver v0.1 Registered<304>[0m
2025 May 22 16:42:04 prplOS kernel: Scratch pad is not initialized.
2025 May 22 16:42:04 prplOS kernel: Scratch pad is not initialized.
2025 May 22 16:42:04 prplOS kernel: Scratch pad is not initialized.
2025 May 22 16:42:04 prplOS kernel: Scratch pad is not initialized.
2025 May 22 16:42:04 prplOS kernel: Scratch pad is not initialized.
2025 May 22 16:42:04 prplOS kernel: Scratch pad is not initialized.
2025 May 22 16:42:04 prplOS kernel: Scratch pad is not initialized.
2025 May 22 16:42:04 prplOS kernel: [0;34m[NTC bpm] bpm_sw_pool_init: num_objs_per_slab:0 init_num_buf:11220
2025 May 22 16:42:04 prplOS kernel: [0m
2025 May 22 16:42:04 prplOS kernel: [0;34m[NTC bpm] bpm_init_buf_pool: buf_top_idx:11220[0m
2025 May 22 16:42:04 prplOS kernel: [0;34m[NTC bpm] bpm_init_skb_pool: skbs pool inited total 11220[0m
2025 May 22 16:42:04 prplOS kernel: mpm_free_ring_alloc: Host 0xc27e9000 (0xc27e9000), Phys 0x027e9000 (0x00000000), Size 41848832 (0) bytes
2025 May 22 16:42:04 prplOS kernel: mpm_free_ring_alloc: free_ring 0
2025 May 22 16:42:04 prplOS kernel: Enforcer is ready
2025 May 22 16:42:04 prplOS kernel: Broadcom BP3 Driver - Platform: TELCO, BPA: v0, BLOB: v1, License Folder: "/data/licenses", Chip Name: 6766, OUI: CC4EEC, Release Tag: 6.2L.0test2
2025 May 22 16:42:04 prplOS kernel: [0;33;41m[ERROR bp3] __license_verify_and_load,350: OUI mismatch - DEV:0xCC4EEC00[0m
2025 May 22 16:42:04 prplOS kernel: [0;33;41m[ERROR bp3] __license_verify_and_load,350: OUI mismatch - DEV:0xCC4EEC00[0m
2025 May 22 16:42:04 prplOS kernel: BP3 status - provisioned
2025 May 22 16:42:04 prplOS kernel: Broadcom Ingress QoS Module  Char Driver v1.0 Registered<246>[0m
2025 May 22 16:42:04 prplOS kernel: 
2025 May 22 16:42:04 prplOS kernel: Broadcom Ingress QoS v1.0 initialized
2025 May 22 16:42:04 prplOS kernel: [0;36;44mBroadcom Packet Flow Cache [0m
2025 May 22 16:42:04 prplOS kernel: FCACHE_CONFIG_MAX_UCAST_FLOW_ENTRIES<16384>
2025 May 22 16:42:04 prplOS kernel: FCACHE_CONFIG_MAX_MCAST_GROUPS<128>
2025 May 22 16:42:04 prplOS kernel: FCACHE_CONFIG_MAX_MCAST_CLIENTS_PER_GROUP<63>
2025 May 22 16:42:04 prplOS kernel: FCACHE_CONFIG_MAX_MCAST_CLIENTS<1024>
2025 May 22 16:42:04 prplOS kernel: FCACHE_CONFIG_MAX_FDB_ENTRIES<1024>
2025 May 22 16:42:04 prplOS kernel: FCACHE_CONFIG_MAX_HOST_DEV_ENTRIES<64>
2025 May 22 16:42:04 prplOS kernel: FCACHE_CONFIG_MAX_HOST_MAC_ENTRIES<32>
2025 May 22 16:42:04 prplOS kernel: FCACHE_CONFIG_MAX_FLOW_ENTRIES<17536>
2025 May 22 16:42:04 prplOS kernel: npe_max_entries<17536>
2025 May 22 16:42:04 prplOS kernel: Bind blog_notify_evt_enqueue_fn[<bf26dbe8>]
2025 May 22 16:42:04 prplOS kernel: fc_evt task created successfully
2025 May 22 16:42:04 prplOS kernel: max_ent = 17536 intvl_msec = 10000 num_slices = 2000 num_ent = 9 period_msec = 5 
2025 May 22 16:42:04 prplOS kernel: NBUFF v1.0 Initialized
2025 May 22 16:42:04 prplOS kernel: fcache: max_groups<128> mcast_max_clients_per_group<63> mcast_max_clients<1024>
2025 May 22 16:42:04 prplOS kernel: fcache: mcast_max_ent<1152>
2025 May 22 16:42:04 prplOS kernel: fcache: ucast_max_ent<16384>
2025 May 22 16:42:04 prplOS kernel: fcache: max_ent<17536>
2025 May 22 16:42:04 prplOS kernel: group_type_mcast.group_bitmap_pool_p<c27e3d40>
2025 May 22 16:42:04 prplOS kernel: [0;36;44mTotal # of labels = 80[0m
2025 May 22 16:42:04 prplOS kernel: [0;36;44mInitialized fcache state[0m
2025 May 22 16:42:04 prplOS kernel: 	Pkt HW acceleration is disabled/unavailable.
2025 May 22 16:42:04 prplOS kernel: [0;36;44mBroadcom Packet Flow Cache  Char Driver v4.0 Registered<302>[0m
2025 May 22 16:42:04 prplOS kernel: fc_timer_task created successfully
2025 May 22 16:42:04 prplOS kernel: 	Pkt HW acceleration is disabled/unavailable.
2025 May 22 16:42:04 prplOS kernel: Created Proc FS /procfs/fcache
2025 May 22 16:42:04 prplOS kernel: [0;36;44mBroadcom Packet Flow Cache registered with netdev chain[0m
2025 May 22 16:42:04 prplOS kernel: [0;36;44mBroadcom Packet Flow Cache learning via BLOG enabled.[0m
2025 May 22 16:42:04 prplOS kernel: [0;35m[FHW]  pktDbgLvl[0xbf291bc4]=0[0m
2025 May 22 16:42:04 prplOS kernel: [0;34m[FHW]  fhw_construct: [0m
2025 May 22 16:42:04 prplOS kernel: [0;36;44mInitialized Fcache HW accelerator layer state[0m
2025 May 22 16:42:04 prplOS kernel: flwStatsThread created. numFlwsPerPoll 584 maxFlwIdx 17535
2025 May 22 16:42:04 prplOS kernel: [0;36;44mFcache Pathstats created[0m
2025 May 22 16:42:04 prplOS kernel: [0;36;44mConstructed Broadcom Packet Flow Cache v4.0[0m
2025 May 22 16:42:04 prplOS kernel: Broadcom Command List Driver v1.0
2025 May 22 16:42:04 prplOS kernel: [0;36;44mBroadcom Archer GPL Driver[0m
2025 May 22 16:42:04 prplOS kernel: bcm-archer-gpl 80210000.sysport-blk: sysport-base (0xf11c0000, 0x80210000): [mem 0x80210000-0x8021ffff flags 0x200]
2025 May 22 16:42:04 prplOS kernel: SYSPORT[0] IRQ[0]: 33
2025 May 22 16:42:04 prplOS kernel: SYSPORT[0] IRQ[1]: 34
2025 May 22 16:42:04 prplOS kernel: SYSPORT[0] IRQ[2]: 35
2025 May 22 16:42:04 prplOS kernel: SYSPORT[0] IRQ[3]: 36
2025 May 22 16:42:04 prplOS kernel: SYSPORT[0] IRQ[4]: 37
2025 May 22 16:42:04 prplOS kernel: SYSPORT[0] IRQ[5]: 38
2025 May 22 16:42:04 prplOS kernel: SYSPORT[0] IRQ[6]: 39
2025 May 22 16:42:04 prplOS kernel: SYSPORT[0] IRQ[7]: 40
2025 May 22 16:42:04 prplOS kernel: SYSPORT[0] IRQ[8]: 41
2025 May 22 16:42:04 prplOS kernel: SYSPORT[0] IRQ[9]: 42
2025 May 22 16:42:04 prplOS kernel: SYSPORT[0] IRQ[10]: 43
2025 May 22 16:42:04 prplOS kernel: SYSPORT[0] IRQ[11]: 44
2025 May 22 16:42:04 prplOS kernel: Found 1 System Port(s)
2025 May 22 16:42:04 prplOS kernel: CROSSBOW: cnp_p 0xf11e0000, natc_p 0xf1900000, cm7_p 0xf1a00000
2025 May 22 16:42:04 prplOS kernel: [0;36;44mBroadcom Archer Proprietary Driver[0m
2025 May 22 16:42:04 prplOS kernel: CHIP ID 6766A0
2025 May 22 16:42:04 prplOS kernel: mpm_free_ring_alloc: Host 0xc2c5b000 (0xc2c5b000), Phys 0x02c5b000 (0x00000000), Size 46510080 (0) bytes
2025 May 22 16:42:04 prplOS kernel: mpm_free_ring_alloc: free_ring 1
2025 May 22 16:42:04 prplOS kernel: RCQ MPM Free Ring initialized (1)
2025 May 22 16:42:04 prplOS kernel: Allocated HW_TIMER number 0
2025 May 22 16:42:04 prplOS kernel: Broadcom Timer Initialized
2025 May 22 16:42:04 prplOS kernel: mpm_free_ring_alloc: Host 0xc2c41000 (0xc2c41000), Phys 0x02c41000 (0x00000000), Size 46403584 (0) bytes
2025 May 22 16:42:04 prplOS kernel: mpm_free_ring_alloc: free_ring 2
2025 May 22 16:42:04 prplOS kernel: Socket: 0, fwq budget 64
2025 May 22 16:42:04 prplOS kernel: Socket: 0, stq budget 128
2025 May 22 16:42:04 prplOS kernel: Socket: 0, rxq max_pkts 8192 budget 128
2025 May 22 16:42:04 prplOS kernel: Crossbow STQ[0] Ready
2025 May 22 16:42:04 prplOS kernel: Crossbow FWQ[0] Ready
2025 May 22 16:42:04 prplOS kernel: Socket: 1, fwq budget 64
2025 May 22 16:42:04 prplOS kernel: Socket: 1, stq budget 128
2025 May 22 16:42:04 prplOS kernel: Socket: 1, rxq max_pkts 8192 budget 128
2025 May 22 16:42:04 prplOS kernel: Crossbow STQ[1] Ready
2025 May 22 16:42:04 prplOS kernel: Crossbow FWQ[1] Ready
2025 May 22 16:42:04 prplOS kernel: Socket: 2, fwq budget 64
2025 May 22 16:42:04 prplOS kernel: Socket: 2, stq budget 128
2025 May 22 16:42:04 prplOS kernel: Socket: 2, rxq max_pkts 8192 budget 128
2025 May 22 16:42:04 prplOS kernel: Crossbow STQ[2] Ready
2025 May 22 16:42:04 prplOS kernel: Crossbow FWQ[2] Ready
2025 May 22 16:42:04 prplOS kernel: Socket: 3, fwq budget 64
2025 May 22 16:42:04 prplOS kernel: Socket: 3, stq budget 128
2025 May 22 16:42:04 prplOS kernel: Socket: 3, rxq max_pkts 8192 budget 128
2025 May 22 16:42:04 prplOS kernel: Crossbow STQ[3] Ready
2025 May 22 16:42:04 prplOS kernel: Crossbow FWQ[3] Ready
2025 May 22 16:42:04 prplOS kernel: Socket: 4, fwq budget 64
2025 May 22 16:42:04 prplOS kernel: Socket: 4, stq budget 128
2025 May 22 16:42:04 prplOS kernel: Socket: 4, rxq max_pkts 8192 budget 128
2025 May 22 16:42:04 prplOS kernel: Crossbow STQ[4] Ready
2025 May 22 16:42:04 prplOS kernel: Socket SHINFO Reset: size 36, offset 2432
2025 May 22 16:42:04 prplOS kernel: Crossbow FWQ[4] Ready
2025 May 22 16:42:04 prplOS kernel: Crossbow Socket Initialized (MPM Free Ring 2)
2025 May 22 16:42:04 prplOS kernel: Crossbow WLAN Interface Initialized
2025 May 22 16:42:04 prplOS kernel: Crossbow GDX Interface Initialized
2025 May 22 16:42:04 prplOS kernel: NATC Flow Memory: virt_p ee400000, phys_addr 0x2e400000, size 0
2025 May 22 16:42:04 prplOS kernel: NATC Table Size = 65543 Flows (Key 16B, Context 176B, Wastage 1047232B)
2025 May 22 16:42:04 prplOS kernel: Crossbow Exception Reboot: bf2fefec
2025 May 22 16:42:04 prplOS kernel: Crossbow SYSPORT Driver Constructed
2025 May 22 16:42:04 prplOS kernel: mpm_alloc_ring_alloc: Host 0xc2c61000 (0xc2c61000), Phys 0x02c61000 (0x00000000), Size 46534656 (0) bytes
2025 May 22 16:42:04 prplOS kernel: mpm_alloc_ring_alloc: alloc_ring 0, buf_mode FKB (0), buf_type 0
2025 May 22 16:42:04 prplOS kernel: Archer DHD Initialized
2025 May 22 16:42:04 prplOS kernel: Archer Mode set to L2+L3
2025 May 22 16:42:04 prplOS kernel: Archer Mode set to L2+L3
2025 May 22 16:42:04 prplOS kernel: Initialized Archer Host Layer
2025 May 22 16:42:04 prplOS kernel: Flow Info Table (52, 65543): f1b01000px, 3408236B
2025 May 22 16:42:04 prplOS kernel: [0;34m[NTC bitpool] idx_pool_init: 533:FHW[0]:Create Index Pool_Size = 65543[0m
2025 May 22 16:42:04 prplOS kernel: Retrieve num_fhw_path=64
2025 May 22 16:42:04 prplOS kernel: [0;36;44mPathstats allocated 2048 bytes[0m
2025 May 22 16:42:04 prplOS kernel: Flow Cache: Lookup Key Optional Fields bitmasks: 
2025 May 22 16:42:04 prplOS kernel: <1> mcast vtag_mask: <0000ffff> <00000fff>
2025 May 22 16:42:04 prplOS kernel: <3> mcast vtag_mask: <0000ffff> <00000fff>
2025 May 22 16:42:04 prplOS kernel: [0;36;44mBroadcom Packet Flow Cache HW acceleration enabled.[0m
2025 May 22 16:42:04 prplOS kernel: Enabled Archer binding to Flow Cache
2025 May 22 16:42:04 prplOS kernel: [0;36;44mBroadcom Archer Network Processor Char Driver v0.1 Registered <339>[0m
2025 May 22 16:42:04 prplOS kernel: Crossbow TCP Pure ACK Enabled
2025 May 22 16:42:04 prplOS kernel: bcm_tcp_module_load_notify: ***No valid HTOA license. Do not enable GDX for local tcp acceleration***
2025 May 22 16:42:04 prplOS kernel: gdx_priv_init: GDX: Private Init Successful
2025 May 22 16:42:04 prplOS kernel: Socket: 4, fwq budget 256
2025 May 22 16:42:04 prplOS kernel: XBow GDX binding done
2025 May 22 16:42:04 prplOS kernel: gdx_hwacc_dev_group_init: [1m[34m GDX: group_idx 0 configured GDX<-->Crossbow
2025 May 22 16:42:04 prplOS kernel: gdx_bind: GDX: Successfully bound the hooks
2025 May 22 16:42:04 prplOS kernel: gdx_hw_init: [1m[34m GDX: gdx_print_lvl<0xbf310280>=0[0m
2025 May 22 16:42:04 prplOS kernel: gdx_hw_init: [1m[34m GDX: Generic Device Accelerator (GDX) Driver is initialized![0m
2025 May 22 16:42:04 prplOS kernel: bcm_tcp_module_load_notify: ***No valid HTOA license. Do not enable GDX for local tcp acceleration***
2025 May 22 16:42:04 prplOS kernel: bcmenet DT
2025 May 22 16:42:04 prplOS kernel: Registered mac device: SF2MAC:0x0
2025 May 22 16:42:04 prplOS kernel: Registered mac device: SF2MAC:0x5
2025 May 22 16:42:04 prplOS kernel: Registered mac device: SF2MAC:0x8
2025 May 22 16:42:04 prplOS kernel: LAG/Trunking enabled <0x08>
2025 May 22 16:42:04 prplOS kernel: Assigning idx[15] for bcmsw
2025 May 22 16:42:04 prplOS kernel: Assigning idx[16] for eth1
2025 May 22 16:42:04 prplOS kernel: BCMENET: Enabling Software GSO for eth1
2025 May 22 16:42:04 prplOS kernel: Adjusted SGPHY: sphy_ctrl=0x00018800 ext_pwr_down=0x0
2025 May 22 16:42:04 prplOS kernel: Assigning idx[17] for eth0
2025 May 22 16:42:04 prplOS kernel: BCMENET: Enabling Software GSO for eth0
2025 May 22 16:42:04 prplOS kernel: 
2025 May 22 16:42:04 prplOS kernel: [0;30;102m=== Start of 10G Active Ethernet Initialization for core 0 port 0 ===[0m
2025 May 22 16:42:04 prplOS kernel: MDIO Clock Divider Value: 12 Probe mode: Yes
2025 May 22 16:42:04 prplOS kernel: [0;30;102mProbing Copper PHYs located at bus:[0m
2025 May 22 16:42:04 prplOS kernel: PHY defined in DT at address  6 PHY Type: 15 is not detected!!
2025 May 22 16:42:04 prplOS kernel: Detected Copper PHY at address  8 with PhyId:0xf7a6.0x1d10; PkgId:0x0000.0x0000; EGPHY
2025 May 22 16:42:04 prplOS kernel: Set Serdes at address 6 shared reference clock 80MHz.
2025 May 22 16:42:04 prplOS kernel: Set 80 MHZ clock sharing on XGPHY at address 20
2025 May 22 16:42:04 prplOS kernel: Detected Copper PHY at address 20 with PhyId:0x3590.0x5081; PkgId:0x0000.0x0000; 84891L   B0:
2025 May 22 16:42:04 prplOS kernel: 
2025 May 22 16:42:04 prplOS kernel: MDIO Clock Divider Value: 12 Probe mode: No
2025 May 22 16:42:04 prplOS kernel: 
2025 May 22 16:42:04 prplOS kernel: Detecting PHYs...
2025 May 22 16:42:04 prplOS kernel: 84891L   B0 3590:5081 --> 0x14 
2025 May 22 16:42:04 prplOS kernel: 
2025 May 22 16:42:04 prplOS kernel: Loading firmware into detected PHYs: map=0x100000 count=1
2025 May 22 16:42:04 prplOS kernel: PHY Addresses at  20, PHY Names:  84891L   B0, Firmware Name: blackfin_b0
2025 May 22 16:42:04 prplOS kernel: Halt the PHYs processors operation
2025 May 22 16:42:04 prplOS kernel: Registers: devid:01, ctrl:a817, ram_addr:00000000
2025 May 22 16:42:04 prplOS kernel: addr_low:a819, addr_high:a81a, data_low:a81b, data_high:a81c
2025 May 22 16:42:04 prplOS kernel: Upload the firmware into the on-chip memory: file=/etc/fw/blackfin_b0_firmware.bin size=294708
2025 May 22 16:42:04 prplOS kernel: MDIO Clock Divider Value: 9 Probe mode: No
2025 May 22 16:42:04 prplOS kernel: 10%[1A
2025 May 22 16:42:04 prplOS kernel: 20%[1A
2025 May 22 16:42:04 prplOS kernel: 30%[1A
2025 May 22 16:42:04 prplOS kernel: 40%[1A
2025 May 22 16:42:04 prplOS kernel: 50%[1A
2025 May 22 16:42:04 prplOS kernel: 60%[1A
2025 May 22 16:42:04 prplOS kernel: 70%[1A
2025 May 22 16:42:04 prplOS kernel: 80%[1A
2025 May 22 16:42:04 prplOS kernel: 90%[1A
2025 May 22 16:42:04 prplOS kernel: 100%[1A
2025 May 22 16:42:04 prplOS kernel: 
2025 May 22 16:42:04 prplOS kernel: MDIO Clock Divider Value: 12 Probe mode: No
2025 May 22 16:42:04 prplOS kernel: Set 80 MHZ clock sharing on XGPHY at address 20
2025 May 22 16:42:04 prplOS kernel: Reset the processors to start execution of the code in the on-chip memory
2025 May 22 16:42:04 prplOS kernel: Verify that the processors are running: OK
2025 May 22 16:42:04 prplOS kernel: Verify that the firmware has been loaded with good CRC: OK
2025 May 22 16:42:04 prplOS kernel: Firmware loading completed successfully, version: (2.3.5)
2025 May 22 16:42:04 prplOS kernel: 
2025 May 22 16:42:04 prplOS kernel: 
2025 May 22 16:42:04 prplOS kernel: Scratch pad is not initialized.
2025 May 22 16:42:04 prplOS kernel: --- Step 0 powerup/reset sequence of core #0 at address 6
2025 May 22 16:42:04 prplOS kernel: Toggle Serdes Core #0 PMD and uC reset.
2025 May 22 16:42:04 prplOS kernel: INFO MerlinSupport::merlin_core_init(): END. Core #0 with PRTAD = 6, ln_offset_stap = 0
2025 May 22 16:42:04 prplOS kernel: MerlinSupport::merlin16_serdes_init(): Step 6. Micro code load and verify 
2025 May 22 16:42:04 prplOS kernel: MerlinSupport::merlin_load_firmware(): ret = 0 
2025 May 22 16:42:04 prplOS kernel: MerlinSupport::merline_speed_set_core(): Step 7 Config Speed to 2
2025 May 22 16:42:04 prplOS kernel: No option found for: "-d ML_C_VCO_10P3125", added default value 0 in index 4
2025 May 22 16:42:04 prplOS kernel: --- Step 8 PLL/PMD setup configuration for speed 0, mode 2.
2025 May 22 16:42:04 prplOS kernel: MerlinSupport::merline_speed_set_core(): PMD Setup 80MHz, 10.3125GHz VCO programming 
2025 May 22 16:42:04 prplOS kernel: MerlinSupport::merlin_wait_uc_active():    wait 50us comclks for micro to be up...
2025 May 22 16:42:04 prplOS kernel: MerlinSupport::merlin_wait_uc_active():  Checking uc_active passed ...
2025 May 22 16:42:04 prplOS kernel: MerlinSupport::merlin_wait_uc_active():  micro is ready for command ...
2025 May 22 16:42:04 prplOS kernel: MerlinSupport::merline_speed_set_core(): Step 9. Configure Core level regsiter 
2025 May 22 16:42:04 prplOS kernel: MerlinSupport::merline_speed_set_core(): Step 10. Set core_congif_from_pcs 
2025 May 22 16:42:04 prplOS kernel: MerlinSupport::merline_speed_set_core(): RAM variable vco_rate is 19 
2025 May 22 16:42:04 prplOS kernel: MerlinSupport::merlin_cfg_core_ram_var():  program core_config_word 0x26 to ram address 0x20000200 ...
2025 May 22 16:42:04 prplOS kernel: MerlinSupport::merline_speed_set_core(): Step 12. Reset Datapath (core) 
2025 May 22 16:42:04 prplOS kernel: MerlinSupport::merlin_reset_datapath_core(): Datapath Reset (core) in progress 
2025 May 22 16:42:04 prplOS kernel: MerlinSupport::merline_speed_set_core(): Step 13. Lane Configuration 
2025 May 22 16:42:04 prplOS kernel: MerlinSupport::merline_speed_set_core(): Step 13.a. Configure lane registers 
2025 May 22 16:42:04 prplOS kernel: MerlinSupport::merline_speed_set_core(): RAM variable an_enabled is 0 
2025 May 22 16:42:04 prplOS kernel: MerlinSupport::merlin_cfg_lane_ram_var():  program lane_config_word 0x4 to ram address 0x20000300 ...
2025 May 22 16:42:04 prplOS kernel: MerlinSupport::merlin_lane_config_speed(#2):  
2025 May 22 16:42:04 prplOS kernel: MerlinSupport::CONFIGURING FOR FORCE 1G
2025 May 22 16:42:04 prplOS kernel: MerlinSupport::merlin_lane_config_speed(): Core #0 Lane #0 PMD Lock Speed Up programming 
2025 May 22 16:42:04 prplOS kernel: INFO MerlinSupport::merlin_lane_config_speed(): END Merlin core #0 lane #0 Initialization procedure
2025 May 22 16:42:04 prplOS kernel: MerlinSupport::merlin_chk_pll_lock(): Checking Core #0 PLL Lock Status 
2025 May 22 16:42:04 prplOS kernel: MerlinSupport::merlin_chk_pll_lock(): PLL Locked
2025 May 22 16:42:04 prplOS kernel: INFO MerlinSupport::merlin16_serdes_init(): END Merlin Initialization procedure
2025 May 22 16:42:04 prplOS kernel: MerlinSupport::merline_speed_set_core(): Step 7 Config Speed to 264
2025 May 22 16:42:04 prplOS kernel: --- Step 8 PLL/PMD setup configuration for speed 0, mode 16.
2025 May 22 16:42:04 prplOS kernel: MerlinSupport::merline_speed_set_core(): PMD Setup 80MHz, 10.3125GHz VCO programming 
2025 May 22 16:42:04 prplOS kernel: MerlinSupport::merlin_wait_uc_active():    wait 50us comclks for micro to be up...
2025 May 22 16:42:04 prplOS kernel: MerlinSupport::merlin_wait_uc_active():  Checking uc_active passed ...
2025 May 22 16:42:04 prplOS kernel: MerlinSupport::merlin_wait_uc_active():  micro is ready for command ...
2025 May 22 16:42:04 prplOS kernel: MerlinSupport::merline_speed_set_core(): Step 9. Configure Core level regsiter 
2025 May 22 16:42:04 prplOS kernel: MerlinSupport::merline_speed_set_core(): Step 10. Set core_congif_from_pcs 
2025 May 22 16:42:04 prplOS kernel: MerlinSupport::merline_speed_set_core(): RAM variable vco_rate is 19 
2025 May 22 16:42:04 prplOS kernel: MerlinSupport::merlin_cfg_core_ram_var():  program core_config_word 0x26 to ram address 0x20000200 ...
2025 May 22 16:42:04 prplOS kernel: MerlinSupport::merline_speed_set_core(): Step 12. Reset Datapath (core) 
2025 May 22 16:42:04 prplOS kernel: MerlinSupport::merlin_reset_datapath_core(): Datapath Reset (core) in progress 
2025 May 22 16:42:04 prplOS kernel: MerlinSupport::merline_speed_set_core(): Step 13. Lane Configuration 
2025 May 22 16:42:04 prplOS kernel: MerlinSupport::merline_speed_set_core(): Step 13.a. Configure lane registers 
2025 May 22 16:42:04 prplOS kernel: MerlinSupport::merline_speed_set_core(): RAM variable an_enabled is 1 
2025 May 22 16:42:04 prplOS kernel: MerlinSupport::merlin_cfg_lane_ram_var():  program lane_config_word 0x3 to ram address 0x20000300 ...
2025 May 22 16:42:04 prplOS kernel: MerlinSupport::merlin_lane_config_speed(#108):  
2025 May 22 16:42:04 prplOS kernel: MerlinSupport::CONFIGURING FOR USXGMII AN SLAVE
2025 May 22 16:42:04 prplOS kernel: MerlinSupport::merlin_lane_config_speed(): Core #0 Lane #0 PMD Lock Speed Up programming 
2025 May 22 16:42:04 prplOS kernel: INFO MerlinSupport::merlin_lane_config_speed(): END Merlin core #0 lane #0 Initialization procedure
2025 May 22 16:42:04 prplOS kernel: MerlinSupport::merlin_chk_pll_lock(): Checking Core #0 PLL Lock Status 
2025 May 22 16:42:04 prplOS kernel: MerlinSupport::merlin_chk_pll_lock(): PLL Locked
2025 May 22 16:42:04 prplOS kernel: [0;30;102m=== End of 10G Active Ethernet Initialization for core 0 port 0 ===[0m
2025 May 22 16:42:04 prplOS kernel: Ethernet Recycle Thread Initialized
2025 May 22 16:42:04 prplOS kernel: dgasp: kerSysRegisterDyingGaspHandler: bcmsw registered 
2025 May 22 16:42:04 prplOS kernel: enet_kthread_init:L637 ENET system contructed and configured enet-kthrd thread
2025 May 22 16:42:04 prplOS kernel: enet_kthread_handler:L595 Instantiating ENET thread
2025 May 22 16:42:04 prplOS kernel: LAN MAC Address : CC:4E:EC:D2:39:E0
2025 May 22 16:42:04 prplOS kernel: eth1      : Dn Rx:   0 Tx:   0 10Mb:Dn   IntSw:P0  Lgcl: 0 LAN @:08:OnCp      NoApd            PwDn Max:1G      EGPHY Spd:Auto:1G            Down EEE:Off 0000/0000
2025 May 22 16:42:04 prplOS kernel: eth0      : Dn Rx:   0 Tx:   0 10Mb:Dn   IntSw:P5  Lgcl: 5 LAN US1K2XR5KR10R
2025 May 22 16:42:04 prplOS kernel: @:06:OnCp      ApdOn            80MRC PwDn Max:10G            10GAE#L0.0 Spd:Auto:10G  XFI:Au:AnAu     AUS1KXR2KXR5KRX10R:       USXGMII_A         Down 0000/0000
2025 May 22 16:42:04 prplOS kernel: @:20:Extn Cscd ApdOn            80MRC PwDn Max:10G   84891L   B0:(2.3.5) Spd:Auto:10G  XFI:Au:AnAu        US1K2IXR5KIR10R:       USXGMII_A         Down EEE:Off 0000/0000
2025 May 22 16:42:04 prplOS kernel: <IntnlDev>: Up Rx:   0 Tx:   0 10G :10G  IntSw:P8  Lgcl: 8     
2025 May 22 16:42:04 prplOS kernel: bcm_mcast_init successful
2025 May 22 16:42:04 prplOS kernel: logical_port 0: intf_index 0, switch_index 0, phys_port 0 -> port_index 0, nbr_of_queues 8
2025 May 22 16:42:04 prplOS kernel: logical_port 1: intf_index 0, switch_index 0, phys_port 5 -> port_index 1, nbr_of_queues 4
2025 May 22 16:42:04 prplOS kernel: SYSPORT[0]: port[0] -> nbr_of_brcm_tags 1
2025 May 22 16:42:04 prplOS kernel: SYSPORT[0]: port[1] -> nbr_of_brcm_tags 1
2025 May 22 16:42:04 prplOS kernel: SYSPORT[0] = SWITCH_INTERNAL
2025 May 22 16:42:04 prplOS kernel: Ports 2, TDMA Rings 12
2025 May 22 16:42:04 prplOS kernel: Broadcom PCIe Host Controller Driver (impl1)
2025 May 22 16:42:04 prplOS kernel: bcm-pcie: Core [0] latent fastpath master
2025 May 22 16:42:04 prplOS kernel: bcm-pcie 90000000.vpcie: host bridge /ubus-bus/vpcie@0 ranges:
2025 May 22 16:42:04 prplOS kernel: bcm-pcie 90000000.vpcie:      MEM 0x0090000000..0x0097ffffff -> 0x0090000000
2025 May 22 16:42:04 prplOS kernel: bcm-pcie 90000000.vpcie:      MEM 0x00800e0000..0x00800e00ff -> 0x00800e0000
2025 May 22 16:42:04 prplOS kernel: bcm-pcie: [4] DT node available: vpcie@0
2025 May 22 16:42:04 prplOS kernel: bcm-pcie: vcore [0] found vdev [0] 
2025 May 22 16:42:04 prplOS kernel: bcm-pcie: Core [4] has 0 regulators
2025 May 22 16:42:04 prplOS kernel: bcm-pcie: found Port [4] GEN0 Core Rev [1.00] with 0 Lanes
2025 May 22 16:42:04 prplOS kernel: bcm-pcie: Core [4] Synchronized the Satellite Timer with 0xa1197d43
2025 May 22 16:42:04 prplOS kernel: bcm-pcie: [4] vcore [0] initialized with [1] device
2025 May 22 16:42:04 prplOS kernel: bcm-pcie 90000000.vpcie: PCI host bridge to bus 0000:01
2025 May 22 16:42:04 prplOS kernel: pci_bus 0000:01: root bus resource [bus 01]
2025 May 22 16:42:04 prplOS kernel: pci_bus 0000:01: root bus resource [mem 0x90000000-0x97ffffff]
2025 May 22 16:42:04 prplOS kernel: pci_bus 0000:01: root bus resource [mem 0x800e0000-0x800e00ff]
2025 May 22 16:42:04 prplOS kernel: pci 0000:01:00.0: [14e4:6039] type 00 class 0x028000
2025 May 22 16:42:04 prplOS kernel: pci 0000:01:00.0: reg 0x10: [mem 0x90000000-0x97ffffff 64bit]
2025 May 22 16:42:04 prplOS kernel: pci 0000:01:00.0: reg 0x18: [mem 0x800e0000-0x800e00ff 64bit]
2025 May 22 16:42:04 prplOS kernel: pci 0000:01:00.0: supports D1 D2
2025 May 22 16:42:04 prplOS kernel: TAM_TM_TXQ_DDR_DESC_RING_WR_BURST_CTRL = Default
2025 May 22 16:42:04 prplOS kernel: PCI: bus1: Fast back to back transfers disabled
2025 May 22 16:42:04 prplOS kernel: SGDMA_GP[0] Offset = 12244
2025 May 22 16:42:04 prplOS kernel: pci 0000:01:00.0: BAR 0: assigned [mem 0x90000000-0x97ffffff 64bit]
2025 May 22 16:42:04 prplOS kernel: SGDMA_GP[1] Offset = 12292
2025 May 22 16:42:04 prplOS kernel: pci 0000:01:00.0: BAR 2: assigned [mem 0x800e0000-0x800e00ff 64bit]
2025 May 22 16:42:04 prplOS kernel: SGDMA_GP[2] Offset = 12340
2025 May 22 16:42:04 prplOS kernel: bcm-pcie 98000000.vpcie: host bridge /ubus-bus/vpcie@1 ranges:
2025 May 22 16:42:04 prplOS kernel: SGDMA_GP[3] Offset = 12468
2025 May 22 16:42:04 prplOS kernel: bcm-pcie 98000000.vpcie:      MEM 0x0098000000..0x009fffffff -> 0x0098000000
2025 May 22 16:42:04 prplOS kernel: SGDMA_GP[4] Offset = 12516
2025 May 22 16:42:04 prplOS kernel: bcm-pcie 98000000.vpcie:      MEM 0x00800f0000..0x00800f00ff -> 0x00800f0000
2025 May 22 16:42:04 prplOS kernel: SGDMA_GP[5] Offset = 12564
2025 May 22 16:42:04 prplOS kernel: bcm-pcie: [5] DT node available: vpcie@1
2025 May 22 16:42:04 prplOS kernel: SGDMA_GP[6] Offset = 12612
2025 May 22 16:42:04 prplOS kernel: bcm-pcie: vcore [1] found vdev [0] 
2025 May 22 16:42:04 prplOS kernel: NATC Flow Table: 0xee400000 (Key 16B, Total 1048688B)
2025 May 22 16:42:04 prplOS kernel: bcm-pcie: Core [5] has 0 regulators
2025 May 22 16:42:04 prplOS kernel: NATC Context Table: 0xee500070 (Context 176B, Total 11535568B)
2025 May 22 16:42:04 prplOS kernel: bcm-pcie: found Port [5] GEN0 Core Rev [1.00] with 0 Lanes
2025 May 22 16:42:04 prplOS kernel: Loading CM7 Standard Image
2025 May 22 16:42:04 prplOS kernel: bcm-pcie: Core [5] Synchronized the Satellite Timer with 0xa1c2a8d1
2025 May 22 16:42:04 prplOS kernel: CM7[0] Initialized (DTCM 18752B, ITCM 23884B)
2025 May 22 16:42:04 prplOS kernel: bcm-pcie: [5] vcore [1] initialized with [1] device
2025 May 22 16:42:04 prplOS kernel: CM7[1] Initialized (DTCM 25368B, ITCM 28240B)
2025 May 22 16:42:04 prplOS kernel: bcm-pcie 98000000.vpcie: PCI host bridge to bus 0001:01
2025 May 22 16:42:04 prplOS kernel: Crossbow IQ status changed from 0 to 1
2025 May 22 16:42:04 prplOS kernel: pci_bus 0001:01: root bus resource [bus 01]
2025 May 22 16:42:04 prplOS kernel: Crossbow SYSPORT Driver Initialized
2025 May 22 16:42:04 prplOS kernel: pci_bus 0001:01: root bus resource [mem 0x98000000-0x9fffffff]
2025 May 22 16:42:04 prplOS kernel: Archer INTR[0]: irq 33, cpu_id 0, crossbow_rxq (0xbf2c7218)
2025 May 22 16:42:04 prplOS kernel: pci_bus 0001:01: root bus resource [mem 0x800f0000-0x800f00ff]
2025 May 22 16:42:04 prplOS kernel: Archer INTR[1]: irq 39, cpu_id 0, crossbow_rxq (0xbf2c7218)
2025 May 22 16:42:04 prplOS kernel: pci 0001:01:01.0: [14e4:6038] type 00 class 0x028000
2025 May 22 16:42:04 prplOS kernel: Archer INTR[2]: irq 34, cpu_id 0, crossbow_txq (0xbf2c7228)
2025 May 22 16:42:04 prplOS kernel: pci 0001:01:01.0: reg 0x10: [mem 0x98000000-0x9fffffff 64bit]
2025 May 22 16:42:04 prplOS kernel: Archer INTR[3]: irq 40, cpu_id 3, crossbow_socket (0xbf2c7264)
2025 May 22 16:42:04 prplOS kernel: pci 0001:01:01.0: reg 0x18: [mem 0x800f0000-0x800f00ff 64bit]
2025 May 22 16:42:04 prplOS kernel: Archer INTR[4]: irq 35, cpu_id 3, crossbow_socket (0xbf2c7264)
2025 May 22 16:42:04 prplOS kernel: pci 0001:01:01.0: supports D1 D2
2025 May 22 16:42:04 prplOS kernel: Archer INTR[5]: irq 41, cpu_id 3, crossbow_socket (0xbf2c7264)
2025 May 22 16:42:04 prplOS kernel: PCI: bus1: Fast back to back transfers disabled
2025 May 22 16:42:04 prplOS kernel: Archer INTR[6]: irq 36, cpu_id 3, crossbow_socket (0xbf2c7264)
2025 May 22 16:42:04 prplOS kernel: pci 0001:01:01.0: BAR 0: assigned [mem 0x98000000-0x9fffffff 64bit]
2025 May 22 16:42:04 prplOS kernel: Archer INTR[7]: irq 42, cpu_id 3, crossbow_socket (0xbf2c7264)
2025 May 22 16:42:04 prplOS kernel: pci 0001:01:01.0: BAR 2: assigned [mem 0x800f0000-0x800f00ff 64bit]
2025 May 22 16:42:04 prplOS kernel: CM7[0] Running (Task mode, 18752B)
2025 May 22 16:42:04 prplOS kernel: bcm-pcie 80080000.pcie: host bridge /ubus-bus/pcie@0 ranges:
2025 May 22 16:42:04 prplOS kernel: CM7[1] Running (Task mode, 25368B)
2025 May 22 16:42:04 prplOS kernel: bcm-pcie 80080000.pcie:      MEM 0x00c0000000..0x00cfffffff -> 0x00c0000000
2025 May 22 16:42:04 prplOS kernel: Archer INTR[8]: irq 43, cpu_id 3, crossbow_mailbox (0xbf2c7c8c)
2025 May 22 16:42:04 prplOS kernel: bcm-pcie: Core [0] DT node available: pcie@0
2025 May 22 16:42:04 prplOS kernel: Archer INTR[9]: irq 38, cpu_id 0, crossbow_timer (0xbf2c72e4)
2025 May 22 16:42:04 prplOS kernel: bcm-pcie: Core [0] has 1 regulators
2025 May 22 16:42:04 prplOS kernel: Archer INTR[10]: irq 44, cpu_id 0, crossbow_timer (0xbf2c72e4)
2025 May 22 16:42:04 prplOS kernel: bcm-pcie: found Port [0] GEN3 Core Rev [4.07] with 2 Lanes
2025 May 22 16:42:04 prplOS kernel: bcm-pcie: Port [0] using 16FFC-BlackShark, Xtal : 80MHz Serdes
2025 May 22 16:42:04 prplOS kernel: GetRCalSetting_1UM_VERT: SW RCAL_1UM_VERT is not needed on this platform
2025 May 22 16:42:04 prplOS kernel: bcm-pcie: Core [0] Using epuperstb
2025 May 22 16:42:04 prplOS kernel: bcm-pcie: Core [0] enable vreg-pcie0 regulator.
2025 May 22 16:42:04 prplOS kernel: bcm-pcie: Core [0] Link UP - [2] lanes, [GEN2] speed
2025 May 22 16:42:04 prplOS kernel: bcm-pcie: Core [0] BAR1 Addr: 0x00_00000000 Size: 1 GB
2025 May 22 16:42:04 prplOS kernel: bcm-pcie: Core [0] Synchronized the Satellite Timer with 0xa3eff32f
2025 May 22 16:42:04 prplOS kernel: bcm-pcie: Core [0] Configuring Priority Queue Mapping
2025 May 22 16:42:04 prplOS kernel: bcm-pcie: Core [0] Configuring Priority Queue Arbitration
2025 May 22 16:42:04 prplOS kernel: bcm-pcie: Core [0] Configuring Incoming Fastpath
2025 May 22 16:42:04 prplOS kernel: bcm-pcie: Core [0] fastpath master
2025 May 22 16:42:04 prplOS kernel: bcm-pcie: Core [0] Enabled PCIE/UBUS Error Interrupts
2025 May 22 16:42:04 prplOS kernel: bcm-pcie: Core [0] UBUS Intr [UBUS_LINKUP]
2025 May 22 16:42:04 prplOS kernel: bcm-pcie 80080000.pcie: PCI host bridge to bus 0002:00
2025 May 22 16:42:04 prplOS kernel: pci_bus 0002:00: root bus resource [bus 00-01]
2025 May 22 16:42:04 prplOS kernel: pci_bus 0002:00: root bus resource [mem 0xc0000000-0xcfffffff]
2025 May 22 16:42:04 prplOS kernel: pci 0002:00:00.0: [14e4:0676] type 01 class 0x060400
2025 May 22 16:42:04 prplOS kernel: pci 0002:00:00.0: PME# supported from D0 D3hot
2025 May 22 16:42:04 prplOS kernel: pci 0002:00:00.0: PTM enabled (root), 4ns granularity
2025 May 22 16:42:04 prplOS kernel: PCI: bus0: Fast back to back transfers disabled
2025 May 22 16:42:04 prplOS kernel: pci 0002:00:00.0: bridge configuration invalid ([bus 00-00]), reconfiguring
2025 May 22 16:42:04 prplOS kernel: pci 0002:01:00.0: [14e4:6716] type 00 class 0x028000
2025 May 22 16:42:04 prplOS kernel: pci 0002:01:00.0: reg 0x10: [mem 0x00000000-0x0000ffff 64bit]
2025 May 22 16:42:04 prplOS kernel: pci 0002:01:00.0: reg 0x18: [mem 0x00000000-0x007fffff 64bit]
2025 May 22 16:42:04 prplOS kernel: pci 0002:01:00.0: reg 0x20: [mem 0x00000000-0x00ffffff 64bit pref]
2025 May 22 16:42:04 prplOS kernel: pci 0002:01:00.0: supports D1 D2
2025 May 22 16:42:04 prplOS kernel: PCI: bus1: Fast back to back transfers disabled
2025 May 22 16:42:04 prplOS kernel: pci_bus 0002:01: busn_res: [bus 01] end is updated to 01
2025 May 22 16:42:04 prplOS kernel: pci 0002:00:00.0: BAR 9: assigned [mem 0xc0000000-0xc0ffffff 64bit pref]
2025 May 22 16:42:04 prplOS kernel: pci 0002:00:00.0: BAR 8: assigned [mem 0xc1000000-0xc1bfffff]
2025 May 22 16:42:04 prplOS kernel: pci 0002:01:00.0: BAR 4: assigned [mem 0xc0000000-0xc0ffffff 64bit pref]
2025 May 22 16:42:04 prplOS kernel: pci 0002:01:00.0: BAR 2: assigned [mem 0xc1000000-0xc17fffff 64bit]
2025 May 22 16:42:04 prplOS kernel: pci 0002:01:00.0: BAR 0: assigned [mem 0xc1800000-0xc180ffff 64bit]
2025 May 22 16:42:04 prplOS kernel: pci 0002:00:00.0: PCI bridge to [bus 01]
2025 May 22 16:42:04 prplOS kernel: pci 0002:00:00.0:   bridge window [mem 0xc1000000-0xc1bfffff]
2025 May 22 16:42:04 prplOS kernel: pci 0002:00:00.0:   bridge window [mem 0xc0000000-0xc0ffffff 64bit pref]
2025 May 22 16:42:04 prplOS kernel: pci 0002:00:00.0: Max Payload Size set to  512/ 512 (was  128), Max Read Rq  512
2025 May 22 16:42:04 prplOS kernel: pci 0002:01:00.0: Max Payload Size set to  512/ 512 (was  128), Max Read Rq  512
2025 May 22 16:42:04 prplOS kernel: pcieport 0002:00:00.0: enabling device (0140 -> 0142)
2025 May 22 16:42:04 prplOS kernel: HS UART: Driver $Revision: 1.00 $
2025 May 22 16:42:04 prplOS kernel: ttyH0 at MMIO 0xff810400 (irq = 76, base_baud = 3125000) is a HS_UART
2025 May 22 16:42:04 prplOS kernel: bcm-bca-usb-ctrl 800cf200.usb_ctrl: ---- Powering up USB blocks
2025 May 22 16:42:04 prplOS kernel: bcm-bca-usb-xhci 800c0000.usb0_xhci: registered successfully
2025 May 22 16:42:04 prplOS kernel: ehci_hcd: USB 2.0 'Enhanced' Host Controller (EHCI) Driver
2025 May 22 16:42:04 prplOS kernel: ehci-platform: EHCI generic platform driver
2025 May 22 16:42:04 prplOS kernel: ehci-pci: EHCI PCI platform driver
2025 May 22 16:42:04 prplOS kernel: ohci_hcd: USB 1.1 'Open' Host Controller (OHCI) Driver
2025 May 22 16:42:04 prplOS kernel: ohci-platform: OHCI generic platform driver
2025 May 22 16:42:04 prplOS kernel: ohci-pci: OHCI PCI platform driver
2025 May 22 16:42:04 prplOS kernel: xhci-hcd xhci-hcd.0: xHCI Host Controller
2025 May 22 16:42:04 prplOS kernel: xhci-hcd xhci-hcd.0: new USB bus registered, assigned bus number 1
2025 May 22 16:42:04 prplOS kernel: xhci-hcd xhci-hcd.0: hcc params 0x0228ffed hci version 0x110 quirks 0x0000000000010810
2025 May 22 16:42:04 prplOS kernel: xhci-hcd xhci-hcd.0: irq 32, io mem 0x800c0000
2025 May 22 16:42:04 prplOS kernel: xhci-hcd xhci-hcd.0: xHCI Host Controller
2025 May 22 16:42:04 prplOS kernel: xhci-hcd xhci-hcd.0: new USB bus registered, assigned bus number 2
2025 May 22 16:42:04 prplOS kernel: xhci-hcd xhci-hcd.0: Host supports USB 3.1 Enhanced SuperSpeed
2025 May 22 16:42:04 prplOS kernel: hub 1-0:1.0: USB hub found
2025 May 22 16:42:04 prplOS kernel: hub 1-0:1.0: 2 ports detected
2025 May 22 16:42:04 prplOS kernel: hub 2-0:1.0: USB hub found
2025 May 22 16:42:04 prplOS kernel: hub 2-0:1.0: 1 port detected
2025 May 22 16:42:04 prplOS kernel: usbcore: registered new interface driver usblp
2025 May 22 16:42:04 prplOS kernel: usbcore: registered new interface driver usb-storage
2025 May 22 16:42:04 prplOS kernel: usbcore: registered new interface driver uas
2025 May 22 16:42:04 prplOS kernel: pdev=c166f400 name=8106037c.brcm-therm num_resources=1
2025 May 22 16:42:04 prplOS kernel: i=0 name=bac_cpu_therm_temp start=8106037c end=8106037f flags=0x200 type=512
2025 May 22 16:42:04 prplOS kernel: ioremapped reg bac_cpu_therm_temp <0x8106037c 0x4> to f121137c
2025 May 22 16:42:04 prplOS kernel: broadcomThermalDrv 8106037c.brcm-therm: init chipId 0x6766 (CPU cnt present 4 online 4 possible 4 active 4)
2025 May 22 16:42:04 prplOS kernel: Loading wlshared Module...
2025 May 22 16:42:04 prplOS kernel: cfg80211: Loading compiled-in X.509 certificates for regulatory database
2025 May 22 16:42:04 prplOS kernel: cfg80211: Loaded X.509 cert 'wens: 61c038651aabdcf94bd0ac7ff06c7248db18c600'
2025 May 22 16:42:04 prplOS kernel: cfg80211: Loaded X.509 cert 'sforshee: 00b28ddf47aef9cea7'
2025 May 22 16:42:04 prplOS kernel: platform regulatory.0: Direct firmware load for regulatory.db failed with error -2
2025 May 22 16:42:04 prplOS kernel: cfg80211: failed to load regulatory.db
2025 May 22 16:42:04 prplOS kernel: Loading HND Module
2025 May 22 16:42:04 prplOS kernel: WL MLO AP IDS assignment -1 -1 -1 -1
2025 May 22 16:42:04 prplOS kernel: igs_module_init:882:	 IGS 29 create network socket successful
2025 May 22 16:42:04 prplOS kernel: dhd_module_init in
2025 May 22 16:42:04 prplOS kernel: DHD_FKB_POOL size is:1280 and entry size:2688
2025 May 22 16:42:04 prplOS kernel: DHD_PKTTAG POOL size is:2592 and entry size:44
2025 May 22 16:42:04 prplOS kernel: [0;32mdhd_pktfwd_sys_init:  [1m[34mdhd_PKTFWD[1.0.0][0m Success[0m
2025 May 22 16:42:04 prplOS kernel: dhd_queue_budget = 256
2025 May 22 16:42:04 prplOS kernel: dhd_sta_threshold = 2048
2025 May 22 16:42:04 prplOS kernel: dhd_if_threshold = 65536
2025 May 22 16:42:04 prplOS kernel: dhdpcie_pci_probe: chipmatch failed!! Unsupported vendor 14e4 device 6039
2025 May 22 16:42:04 prplOS kernel: dhdpcie_pci_probe: chipmatch failed!! Unsupported vendor 14e4 device 6038
2025 May 22 16:42:04 prplOS kernel: PCI_PROBE:  bus 1, slot 0,vendor 14E4, device 6716(good PCI location)
2025 May 22 16:42:04 prplOS kernel: dhdpcie_prepare_pcie_ep: Resettting backplane for device 0x6716
2025 May 22 16:42:04 prplOS kernel: Polling for SB Reset state (PCI_SPROM_CONTROL)
2025 May 22 16:42:04 prplOS kernel: SB reset bit is de-asserted by HW. Wait for 2ms for Backplane RESET to be completed
2025 May 22 16:42:04 prplOS kernel: pcieh 0002:01:00.0: enabling device (0140 -> 0142)
2025 May 22 16:42:04 prplOS kernel: DHD: dongle ram size is set to 4718592(orig 4718592) at 0x0
2025 May 22 16:42:04 prplOS kernel: osl_pcie_mrrs_config: MPS 512 MRR 512 devctl 0x102d50
2025 May 22 16:42:04 prplOS kernel: osl_pcie_mrrs_config: override PCIE device MRRS from 512 to 1024
2025 May 22 16:42:04 prplOS kernel: PCIe: dev 0002:01:00.0: Link Speed: [GEN2]
2025 May 22 16:42:04 prplOS kernel: PCIe Link Speed after training: [GEN3]
2025 May 22 16:42:04 prplOS kernel: 0002:01:00.0: domain 2 dev_to_ifid_map ffffffff override 0
2025 May 22 16:42:04 prplOS kernel: dhd_get_next_instance: enter: dhd_found 0 inst 0
2025 May 22 16:42:04 prplOS kernel: dhd_get_next_instance: exit: inst 0
2025 May 22 16:42:04 prplOS kernel: 0002:01:00.0: unit 0
2025 May 22 16:42:04 prplOS kernel: WET:wet_maxip_per_sta = 2
2025 May 22 16:42:04 prplOS kernel: dhd:0: fw path:/etc/wlan/dhd nv path:(null)
2025 May 22 16:42:04 prplOS kernel: 0002:01:00.0: unit 0 iface_name wl if_name wl0
2025 May 22 16:42:04 prplOS kernel: [dhd_allocate_if] Allocated wl0 dev 1de4d83b 
2025 May 22 16:42:04 prplOS kernel: wl0: dhd_cpudbg_init: mac_cpudbg_config = 0
2025 May 22 16:42:04 prplOS kernel: crossbow_wlan_fw_index_alloc(0) = 0
2025 May 22 16:42:04 prplOS kernel: dol0: CrossBow supported types TxP 0x5, RxP 0x3 TxC 0x23 RxC 0x3
2025 May 22 16:42:04 prplOS kernel: dhd_offload_attach: Tx Offload - Enabled, Ring Size = 1024
2025 May 22 16:42:04 prplOS kernel: dhd_offload_attach: Rx Offload - Enabled, Ring Size = 1024
2025 May 22 16:42:04 prplOS kernel: wakeup_information: radio_idx 0, rx 0x80200ca8 = 1, tx 0x80200cac = 1
2025 May 22 16:42:04 prplOS kernel: TX wakeup info: reg = <0x80200cac>, val = <0x00000001>
2025 May 22 16:42:04 prplOS kernel: RX wakeup info: reg = <0x80200ca8>, val = <0x00000001>
2025 May 22 16:42:04 prplOS kernel: wl0: dhd_prot_attach: allocated cpudbg dma buf va f1ccbafd
2025 May 22 16:42:04 prplOS kernel: CFG80211-ERROR) wl_setup_wiphy : Registering Vendor80211
2025 May 22 16:42:04 prplOS kernel: CFG80211-ERROR) wl_cfg80211_apply_eventbuffer : Get event_msgs error (-19)
2025 May 22 16:42:04 prplOS kernel: CFG80211-ERROR) wl_cfg80211_set_cac_state_change_eventbits : failed to set WLC_E_CAC_STATE_CHANGE bit
2025 May 22 16:42:04 prplOS kernel: dhd0_awl attach successful tx: 1, rx: 0
2025 May 22 16:42:04 prplOS kernel: dhd_attach(): thread:dhd_watchdog_thread:4a3 started
2025 May 22 16:42:04 prplOS kernel: dhd_deferred_work_init: work queue initialized 
2025 May 22 16:42:04 prplOS kernel: wl0: pktfwd_tbl 0xbf5a38a4
2025 May 22 16:42:04 prplOS kernel: crossbow_wlan_fw_index_alloc(0) = 0
2025 May 22 16:42:04 prplOS kernel: Socket: 0, fwq budget 280
2025 May 22 16:42:04 prplOS kernel: LLCSNAP insertion supported for radio index 0
2025 May 22 16:42:04 prplOS kernel: [0;34mCrossbow WLAN Bind: wl0, radio_index 0, mode FKB[0m
2025 May 22 16:42:04 prplOS kernel: [0;32mdhd_wfd_bind: wl0 wfd_idx 0 success[0m
2025 May 22 16:42:04 prplOS kernel: dhd0: dhdpcie_bhm_mem_alloc: PCIe IPC BHM ALLOC SUCCESS: size 26MB  DMA Buf va f2922000 pa hi 0x00000000 lo 0x3d600000 len 27262976
2025 May 22 16:42:04 prplOS kernel: dhd:0: fw path:/etc/wlan/dhd nv path:(null)
2025 May 22 16:42:04 prplOS kernel: dhd_bus_start_try download fw /etc/wlan/dhd, nv 
2025 May 22 16:42:04 prplOS kernel: osl_os_get_image_stat: no file info for /etc/wlan/dhd/6726b0//rtecdc.bin (-2)
2025 May 22 16:42:04 prplOS kernel: DHD  concate_extfdimg_name: Final FW path is /etc/wlan/dhd/6726b0/release/rtecdc.bin 
2025 May 22 16:42:04 prplOS kernel: dhd_bus_download_firmware: firmware path=/etc/wlan/dhd/6726b0/release/rtecdc.bin, nvram path=
2025 May 22 16:42:04 prplOS kernel: dhdpcie_ramsize_adj: Enter
2025 May 22 16:42:04 prplOS kernel: dhdpcie_ramsize_adj: Adjust dongle RAMSIZE to 0x480000
2025 May 22 16:42:04 prplOS kernel: dhdpcie_download_code_file: process hybrid firmware file
2025 May 22 16:42:04 prplOS kernel: dhdpcie_hybridfw_get_next_block Found section 0 with length 2420934
2025 May 22 16:42:04 prplOS kernel: dhdpcie_hybridfw_get_next_block Found section 1 with length 2248704
2025 May 22 16:42:04 prplOS kernel: dhdpcie_download_code_file: hybridfw DMA Buf va c6c00000 pa hi 0x00000000 lo 0x06c00000 len 2248704
2025 May 22 16:42:04 prplOS kernel: dhdpcie_bus_write_vars: Download, Upload and compare of NVRAM succeeded.
2025 May 22 16:42:04 prplOS kernel: dhdpcie_bus_write_sysmem_tlvs: HYBRIDFW Host page location info: 0x0000000006c00000 binary_size:2248704
2025 May 22 16:42:04 prplOS kernel: dhdpcie_bus_write_sysmem_tlvs: Boot Host Memory location: 0x000000003d600000 bhm_size:27262976
2025 May 22 16:42:04 prplOS kernel: 
2025 May 22 16:42:04 prplOS kernel: PCIe IPC Host Dongle Training Commences ...
2025 May 22 16:42:04 prplOS kernel: 
2025 May 22 16:42:04 prplOS kernel: PCIe IPC UPLOAD COMMENCE
2025 May 22 16:42:04 prplOS kernel: PCIe IPC LOCATED: read_u32 daddr32 0x000de1c0 took 157023 usec. ram[0x00000000,0x0047fffc]
2025 May 22 16:42:04 prplOS kernel: PCIe IPC HEADER: daddr32 0x000de1c0 size 128 revision: host 0x8c dngl 0x8c
2025 May 22 16:42:04 prplOS kernel: 	 FWID 0xdbcfa646, flags 0x10a1008c, dcap1 0x2f8f0000 dcap2 0x000035bf
2025 May 22 16:42:04 prplOS kernel: 	 trap 0x00000000 assrt 0x00000000,0x00000000,0 cons 0x0024f008
2025 May 22 16:42:04 prplOS kernel: 	 mbox H2D 0x00268044 D2H 0x00268048 rings 0x00264d54
2025 May 22 16:42:04 prplOS kernel: PCIe IPC HEADER HME: version 18 users 25 size 816
2025 May 22 16:42:04 prplOS kernel: 	 ID HMEUSR PAGES ALIGN   BOUNDARY  FLAGS  BHM
2025 May 22 16:42:04 prplOS kernel: 	  0 SCRMEM     1   256 0x00000000 0x0074  YES
2025 May 22 16:42:04 prplOS kernel: 	  1 PKTPGR   648   256 0x00000000 0x0076  YES
2025 May 22 16:42:04 prplOS kernel: 	  2 MACIFS  2304   256 0x00000000 0x0076  YES
2025 May 22 16:42:04 prplOS kernel: 	  3 LCLPKT   256   256 0x00000000 0x0074  YES
2025 May 22 16:42:04 prplOS kernel: 	  4 PSQPKT     0   256 0x01ffffff 0x007c  YES
2025 May 22 16:42:04 prplOS kernel: 	  5 CSIMON    33   256 0x00000000 0x0074  YES
2025 May 22 16:42:04 prplOS kernel: 	  6 HMOSWP   549  4096 0x00000000 0x0037  NO
2025 May 22 16:42:04 prplOS kernel: 	  7 MBXPGR    72   256 0x00000000 0x0074  YES
2025 May 22 16:42:04 prplOS kernel: 	  8 AIR_IQ     0   256 0x01ffffff 0x007c  YES
2025 May 22 16:42:04 prplOS kernel: 	  9 SBFTBL     2   256 0x00000000 0x0074  YES
2025 May 22 16:42:04 prplOS kernel: 	 10 HMOSCB   606   256 0x0fffffff 0x007c  YES
2025 May 22 16:42:04 prplOS kernel: 	 11 LOWMAC     1   256 0x00000000 0x0074  YES
2025 May 22 16:42:04 prplOS kernel: 	 12 CLSBUF   128   256 0x00000000 0x0074  YES
2025 May 22 16:42:04 prplOS kernel: 	 13 BMPSVC   228   256 0x00000000 0x0074  YES
2025 May 22 16:42:04 prplOS kernel: 	 14 HMOPPR    88   256 0x0fffffff 0x007c  YES
2025 May 22 16:42:04 prplOS kernel: 	 15 MACDBG    96   256 0x00000000 0x0074  YES
2025 May 22 16:42:04 prplOS kernel: 	 16 RU_CFG     0   256 0x01ffffff 0x007c  YES
2025 May 22 16:42:04 prplOS kernel: 	 17 SCMEAS    32   256 0x00000000 0x0074  YES
2025 May 22 16:42:04 prplOS kernel: 	 18 HMOEVT    64   256 0x00000000 0x0074  YES
2025 May 22 16:42:04 prplOS kernel: 	 19 MLOIPC     0   256 0x01ffffff 0x007c  YES
2025 May 22 16:42:04 prplOS kernel: 	 20 RNGCSI    64   256 0x00000000 0x0074  YES
2025 May 22 16:42:04 prplOS kernel: 	 21 RFRESH     2   256 0x00000000 0x0074  YES
2025 May 22 16:42:04 prplOS kernel: 	 22 RATEMM     0   256 0x01ffffff 0x007c  YES
2025 May 22 16:42:04 prplOS kernel: 	 23 MAPIFS     0   256 0x01ffffff 0x007c  YES
2025 May 22 16:42:04 prplOS kernel: 	 24 MUSTAT    26   256 0x0fffffff 0x007c  YES
2025 May 22 16:42:04 prplOS kernel: PCIe IPC RINGS: size 128 Ring Mem daddr32 0x00264dd4
2025 May 22 16:42:04 prplOS kernel: 	 H2D Indices Array daddr32: WR 0x00266f74 RD 0x002677c0
2025 May 22 16:42:04 prplOS kernel: 	 D2H Indices Array daddr32: WR 0x0026800c RD 0x00268028
2025 May 22 16:42:04 prplOS kernel: 	 Total: H2D rings 531 D2H rings 7 flowrings 528 interfaces 16
2025 May 22 16:42:04 prplOS kernel: PCIe IPC UPLOAD COMPLETED
2025 May 22 16:42:04 prplOS kernel: 
2025 May 22 16:42:04 prplOS kernel: PCIe IPC REVISION 140 Configuration and Features
2025 May 22 16:42:04 prplOS kernel: 	 Config  : D2H Sync Mode: 0x00000000
2025 May 22 16:42:04 prplOS kernel: 	 Config  : Max Rings H2D 531 Flowrings 528 D2H 7
2025 May 22 16:42:04 prplOS kernel: 	 Config  : Max Dynamic Rings H2D 1 D2H 1
2025 May 22 16:42:04 prplOS kernel: 	 Config  : Ring Index Size 4 bytes
2025 May 22 16:42:04 prplOS kernel: 	 Feature : Host Backup Queue Depth
2025 May 22 16:42:04 prplOS kernel: 	 Feature : Host iDMA16
2025 May 22 16:42:04 prplOS kernel: 	 Config  : Flowring per TID
2025 May 22 16:42:04 prplOS kernel: 	 Feature : Dongle DMA Indices H2D 1 D2H 1
2025 May 22 16:42:04 prplOS kernel: 	 Protocol: [RSVD]H2D WR Indices buf set label 0xdeadbeef 
2025 May 22 16:42:04 prplOS kernel: 	 Protocol: [RSVD]H2D WR Indices buf: DMA Buf va c5350000 pa hi 0x00000000 lo 0x05350000 len    4096 = 4096
2025 May 22 16:42:04 prplOS kernel: 	 Protocol: H2D WR Indices Array: DMA Buf va c5354000 pa hi 0x00000000 lo 0x05354000 len    2176 = 4 *  531
2025 May 22 16:42:04 prplOS kernel: 	 Protocol: D2H RD Indices Array: DMA Buf va c2c4ccc0 pa hi 0x00000000 lo 0x02c4ccc0 len      64 = 4 *    7
2025 May 22 16:42:04 prplOS kernel: 	 Protocol: D2H WR Indices Array: DMA Buf va c2c4c800 pa hi 0x00000000 lo 0x02c4c800 len      64 = 4 *    7
2025 May 22 16:42:04 prplOS kernel: 	 Protocol: H2D RD Indices Array: DMA Buf va c5352000 pa hi 0x00000000 lo 0x05352000 len    2176 = 4 *  531
2025 May 22 16:42:04 prplOS kernel: 	 Feature : SFH Insertion 1
2025 May 22 16:42:04 prplOS kernel: 	 Feature : CSI Monitor
2025 May 22 16:42:04 prplOS kernel: 	 Feature : Fast Delete Ring
2025 May 22 16:42:04 prplOS kernel: dol0: BA256 updated Profile [4], max_items RxP/RxC [1024]/[4096]
2025 May 22 16:42:04 prplOS kernel: 
2025 May 22 16:42:04 prplOS kernel: 	 Config  : WI Formats TxP 1 RxP 1 TxC 1 RxC 1
2025 May 22 16:42:04 prplOS kernel: 	 Feature : HWA iDMA RxPost
2025 May 22 16:42:04 prplOS kernel: 	 Feature : HWA iDMA TxCpl
2025 May 22 16:42:04 prplOS kernel: 	 Feature : HWA iDMA RxCpl
2025 May 22 16:42:04 prplOS kernel: 	 Feature : HWA TxPost
2025 May 22 16:42:04 prplOS kernel: 	 Protocol: H2D TxPost  : format 1 [type 2 size 32 max 2560 hdr_off 16]
2025 May 22 16:42:04 prplOS kernel: 	 Protocol: H2D RxPost 1: format 1 [type 1 size  8 max 1024 shift 0]
2025 May 22 16:42:04 prplOS kernel: 	 Protocol: D2H TxCpln 3: format 1 [type 1 size  8 max 1024]
2025 May 22 16:42:04 prplOS kernel: 	 Protocol: H2D RxCpln 4: format 1 [type 1 size  8 max 4096 offset 0]
2025 May 22 16:42:04 prplOS kernel: 	 Feature : TID from Donlge (rx_cmpl_v2)  supported
2025 May 22 16:42:04 prplOS kernel: 	 Feature : RXCPLE RCH supported; max_rch_sdu_cnt 8 bcmpcie_rxcple_rch_size 72-bytes
2025 May 22 16:42:04 prplOS kernel: 	 Feature : BQ_DRAIN Processing supported
2025 May 22 16:42:04 prplOS kernel: 	 Config  : RxPost Data buffer length 1836
2025 May 22 16:42:04 prplOS kernel: 	 Config  : Host PhysAddr hi32 0
2025 May 22 16:42:04 prplOS kernel: 	 Protocol: HME Haddr64 Table users 25 DMA Buf va c1da1000 pa hi 0x00000000 lo 0x01da1000 len     200
2025 May 22 16:42:04 prplOS kernel: 	 Protocol: HME user  0 DMA Buf va f2bf2000 pa hi 0x00000000 lo 0x3d8d0000 len    4096
2025 May 22 16:42:04 prplOS kernel: 	 Protocol: HME user  1 DMA Buf va f2cd4000 pa hi 0x00000000 lo 0x3d9b2000 len 2654208
2025 May 22 16:42:04 prplOS kernel: 	 Protocol: HME user  2 DMA Buf va f2f5c000 pa hi 0x00000000 lo 0x3dc3a000 len 9437184
2025 May 22 16:42:04 prplOS kernel: 	 Protocol: HME user  3 DMA Buf va f385c000 pa hi 0x00000000 lo 0x3e53a000 len 1048576
2025 May 22 16:42:04 prplOS kernel: 	 Protocol: HME user  5 DMA Buf va f39e4000 pa hi 0x00000000 lo 0x3e6c2000 len  135168
2025 May 22 16:42:04 prplOS kernel: 	 Protocol: HME user  6 DMA Buf va c6c00000 pa hi 0x00000000 lo 0x06c00000 len 2248704
2025 May 22 16:42:04 prplOS kernel: 	 Protocol: HME user  7 DMA Buf va f395c000 pa hi 0x00000000 lo 0x3e63a000 len  294912
2025 May 22 16:42:04 prplOS kernel: 	 Protocol: HME user  9 DMA Buf va f3a05000 pa hi 0x00000000 lo 0x3e6e3000 len    8192
2025 May 22 16:42:04 prplOS kernel: 	 Protocol: HME user 10 DMA Buf va f2922000 pa hi 0x00000000 lo 0x3d600000 len 2482176
2025 May 22 16:42:04 prplOS kernel: 	 Protocol: HME user 11 DMA Buf va f2bf3000 pa hi 0x00000000 lo 0x3d8d1000 len    4096
2025 May 22 16:42:04 prplOS kernel: 	 Protocol: HME user 12 DMA Buf va f2bf4000 pa hi 0x00000000 lo 0x3d8d2000 len  524288
2025 May 22 16:42:04 prplOS kernel: 	 Protocol: HME user 13 DMA Buf va f3a49000 pa hi 0x00000000 lo 0x3e727000 len  933888
2025 May 22 16:42:04 prplOS kernel: 	 Protocol: HME user 14 DMA Buf va f2b80000 pa hi 0x00000000 lo 0x3d85e000 len  360448
2025 May 22 16:42:04 prplOS kernel: 	 Protocol: HME user 15 DMA Buf va f2c74000 pa hi 0x00000000 lo 0x3d952000 len  393216
2025 May 22 16:42:04 prplOS kernel: 	 Protocol: HME user 17 DMA Buf va f3b2d000 pa hi 0x00000000 lo 0x3e80b000 len  131072
2025 May 22 16:42:04 prplOS kernel: 	 Protocol: HME user 18 DMA Buf va f3a07000 pa hi 0x00000000 lo 0x3e6e5000 len  262144
2025 May 22 16:42:04 prplOS kernel: 	 Protocol: HME user 20 DMA Buf va f39a4000 pa hi 0x00000000 lo 0x3e682000 len  262144
2025 May 22 16:42:04 prplOS kernel: 	 Protocol: HME user 21 DMA Buf va f3a47000 pa hi 0x00000000 lo 0x3e725000 len    8192
2025 May 22 16:42:04 prplOS kernel: 	 Protocol: HME user 24 DMA Buf va f2bd8000 pa hi 0x00000000 lo 0x3d8b6000 len  106496
2025 May 22 16:42:04 prplOS kernel: PCIe IPC Host Dongle Training Completed!
2025 May 22 16:42:04 prplOS kernel: 
2025 May 22 16:42:04 prplOS kernel: dhd_bus_start_try: Initializing 531 h2drings
2025 May 22 16:42:04 prplOS kernel: dhd_offload_flowmgr_init: dol0: bootmem addr<ef100000> size<14680064>
2025 May 22 16:42:04 prplOS kernel: dol_frm_init_profile: profile = 4 0512/0512 1024/2048 0512/0512 0512/0000 0512/0000
2025 May 22 16:42:04 prplOS kernel: [0;33;40mdol0: TxOffl memory: Reserved<14 Mb> Needed<11 Mb>[0m
2025 May 22 16:42:04 prplOS kernel: 
2025 May 22 16:42:04 prplOS kernel: dol0: using WME AC based flowid allocation
2025 May 22 16:42:04 prplOS kernel: 	Protocol: Dyn rings: H2D starting ringid 536 (530) D2H ringid 537 (6)
2025 May 22 16:42:04 prplOS kernel: Attach flowrings pool for 529 rings
2025 May 22 16:42:04 prplOS kernel: iDMA enabled PCIEControl = 1083839a
2025 May 22 16:42:04 prplOS kernel: Config doorbell for d2h_rings <3>
2025 May 22 16:42:04 prplOS kernel: [0;33;40mCrossBow DHD PCIE: vendor<0x14e4> device<0x6716> bus<1> slot<0>[0m
2025 May 22 16:42:04 prplOS kernel: 
2025 May 22 16:42:04 prplOS kernel: bcm-pcie: Core [0] BAR2 Addr: 0x00_80000000 Size: 64 MB
2025 May 22 16:42:04 prplOS kernel: Initial configuration
2025 May 22 16:42:04 prplOS kernel: =================================
2025 May 22 16:42:04 prplOS kernel: 	rx_post_flow_ring_base_addr : c535c000
2025 May 22 16:42:04 prplOS kernel: 	tx_post_flow_ring_base_addr : ef0d8000
2025 May 22 16:42:04 prplOS kernel: 	rx_complete_flow_ring_base_addr : c7390000
2025 May 22 16:42:04 prplOS kernel: 	tx_complete_flow_ring_base_addr : c5358000
2025 May 22 16:42:04 prplOS kernel: 
2025 May 22 16:42:04 prplOS kernel: 	r2d_wr_arr_base_addr : c5354000, phys_addr : 05354000
2025 May 22 16:42:04 prplOS kernel: 	d2r_rd_arr_base_addr : c2c4ccc4, phys_addr : 02c4ccc4
2025 May 22 16:42:04 prplOS kernel: 	r2d_rd_arr_base_addr : c5352000, phys_addr : 05352000
2025 May 22 16:42:04 prplOS kernel: 	d2r_wr_arr_base_addr : c2c4c804, phys_addr : 02c4c804
2025 May 22 16:42:04 prplOS kernel: 	tx_post_mgmt_arr_base_addr : c2c1c000, phys_addr : 02c1c000
2025 May 22 16:42:04 prplOS kernel: 
2025 May 22 16:42:04 prplOS kernel: 	Doorbell Post Wakeup register : phy_addr: 0xc1802160, virt_addr: f20b2160
2025 May 22 16:42:04 prplOS kernel: 	Doorbell Complete Wakeup register : phy_addr: 0xc1802164, virt_addr: f20b2164
2025 May 22 16:42:04 prplOS kernel: 	Doorbell ISR : bf4d047c
2025 May 22 16:42:04 prplOS kernel: 	Doorbell CTX : c277cc00
2025 May 22 16:42:04 prplOS kernel: 	add_llcsnap_header : 1
2025 May 22 16:42:04 prplOS kernel: 	flow_ring_format : 1
2025 May 22 16:42:04 prplOS kernel: 	idma_active : 1
2025 May 22 16:42:04 prplOS kernel: 	hbqd mode : 1
2025 May 22 16:42:04 prplOS kernel: 	rx_post ring size : 1024
2025 May 22 16:42:04 prplOS kernel: 	rx_complete ring size : 4096
2025 May 22 16:42:04 prplOS kernel: 	tx_complete ring size : 1024
2025 May 22 16:42:04 prplOS kernel: 	Rx Offload 1
2025 May 22 16:42:04 prplOS kernel: 	Tx Offload 1
2025 May 22 16:42:04 prplOS kernel: Dongle Ring Sizes
2025 May 22 16:42:04 prplOS kernel: 	rx_post ring     : 1024
2025 May 22 16:42:04 prplOS kernel: 	rx_complete ring : 4096
2025 May 22 16:42:04 prplOS kernel: 	tx_complete ring : 1024 (EWI: No)
2025 May 22 16:42:04 prplOS kernel: Max RCH Segments: 8
2025 May 22 16:42:04 prplOS kernel: CM7[0] DoX Radio 0 Initialized (0)
2025 May 22 16:42:04 prplOS kernel: bdmf_new_and_set: radio_idx 0, radio_handle 0xbf301a28
2025 May 22 16:42:04 prplOS kernel: Host Tx Complete Ring Create: radio_idx 0, ring_size 1024
2025 May 22 16:42:04 prplOS kernel: CM7[1] DoX Radio 0 Initialized (0)
2025 May 22 16:42:04 prplOS kernel: [0;33;40mCrossBow DHD Offload initialization Successful[0m
2025 May 22 16:42:04 prplOS kernel: 
2025 May 22 16:42:04 prplOS kernel: Created netlink: radio unit idx 0, nl_id 23
2025 May 22 16:42:04 prplOS kernel: CSIMON: HOST CSIMON[1.1.1]
2025 May 22 16:42:04 prplOS kernel: wl0: dhd_prot_init: wrote cpudbg hostaddr hi 0, lo 6230000, config 0x7
2025 May 22 16:42:04 prplOS kernel: SBF: CB: [0xc564c800] Allocated
2025 May 22 16:42:04 prplOS kernel: SBF:  Threshold map [ SBF:  0:2048SBF:  6144:16384SBF:  ]
2025 May 22 16:42:04 prplOS kernel: SBF: dhd0: Using Static Threshold map HFC
2025 May 22 16:42:04 prplOS kernel: SBF: wd_cnt_expiry [100]
2025 May 22 16:42:04 prplOS kernel: SBF: grace_threshold [8]
2025 May 22 16:42:04 prplOS kernel: SBF: dhd0  SBFTBL[2.0.0] Initialized
2025 May 22 16:42:04 prplOS kernel: CUR_ETHERADDR : 6 
2025 May 22 16:42:04 prplOS kernel: cc 4e ec d2 39 e8 
2025 May 22 16:42:04 prplOS kernel: dhd_sync_with_dongle: GET_REVINFO device 0x602e, vendor 0x14e4, chipnum 0x6726, corerev 134
2025 May 22 16:42:04 prplOS kernel: dhd_prot_hme_get_buf_info dma_buf is null for HME user 4
2025 May 22 16:42:04 prplOS kernel: dhd_prot_hme_get_buf_info dma_buf is null for HME user 16
2025 May 22 16:42:04 prplOS kernel: dhd_prot_hme_get_buf_info dma_buf is null for HME user 19
2025 May 22 16:42:04 prplOS kernel: dhd_prot_hme_get_buf_info dma_buf is null for HME user 22
2025 May 22 16:42:04 prplOS kernel: dhd_prot_hme_get_buf_info dma_buf is null for HME user 23
2025 May 22 16:42:04 prplOS kernel: dhd_save_hme_buf_info HME buffer info saved
2025 May 22 16:42:04 prplOS kernel: wl0: dhd_prot_cpudbg_load_hmedata: dongle mlo_dbgstrs size 37024, daddr 0x9a304c
2025 May 22 16:42:04 prplOS kernel: wl0: dhd_prot_cpudbg_load_hmedata: dongle smac_dbgstrs size: 52744, daddr 0x97124c
2025 May 22 16:42:04 prplOS kernel: wl0: dhd_prot_cpudbg_load_hmedata: dongle psmr_labels size: 55808, daddr 0x9f1370
2025 May 22 16:42:04 prplOS kernel: Dongle Host Driver, version 25.438.32 (r849162) [4da17911c]
2025 May 22 16:42:04 prplOS kernel: Compiled in drivers/net/wireless/bcmdhd
2025 May 22 16:42:04 prplOS kernel: Assigning idx[18] for wl0
2025 May 22 16:42:04 prplOS kernel: dhd0_awl registered [wl0]
2025 May 22 16:42:04 prplOS kernel: Register interface [wl0]  MAC: cc:4e:ec:d2:39:e8
2025 May 22 16:42:04 prplOS kernel: 
2025 May 22 16:42:04 prplOS kernel: wl0: dhd_prot_ioctl: status ret value is -23 iov=ptm_enable
2025 May 22 16:42:04 prplOS kernel: dhd_wl_ioctl_set_intiovar: set int iovar ptm_enable failed, ERR -23
2025 May 22 16:42:04 prplOS kernel: dhd_module_init: REGISTER SYSRQ D
2025 May 22 16:42:04 prplOS kernel: dhd_module_init out
2025 May 22 16:42:04 prplOS kernel: dhd_open, fw_map_file_path=/etc/wlan/dhd/6726b0/release/rtecdc.map, fw_bin_file_path=/etc/wlan/dhd/6726b0/release/rtecdc.bin
2025 May 22 16:42:04 prplOS kernel: dhd_hwa_event: Dongle(wl0) schedule hwa event
2025 May 22 16:42:04 prplOS kernel: dhd_hwa_event_handler: Dongle(wl0) hwa event scheduled
2025 May 22 16:42:04 prplOS kernel: wl_host_event: WLC_E_BSSCFG_UP for idx[0] ifname[wl0] mld_unit[255]
2025 May 22 16:42:04 prplOS kernel: wl0: dhd_prot_ioctl: status ret value is -23 iov=wowl
2025 May 22 16:42:04 prplOS kernel: CFG80211-ERROR) wl_allocate_wowl_config : Wowl not supported (-23)
2025 May 22 16:42:04 prplOS kernel: SBF: DNGL  SBFTBL[2.0.0] hme [0xf3a05000] size [8192]
2025 May 22 16:42:04 prplOS kernel: SBF:              entries [1024] type [1] offsets [16] [0]
2025 May 22 16:42:04 prplOS kernel: SBF: HOST  SBFTBL[2.0.0] Initialized Type [1]
2025 May 22 16:42:04 prplOS kernel: SBF: hdr [0xf3a05000] bfwtbl [0xf3a05010] local_bfw [0xc54df800]
2025 May 22 16:42:04 prplOS kernel: dhd_hwa_event: Dongle(wl0) schedule hwa event
2025 May 22 16:42:04 prplOS kernel: dhd_hwa_event_handler: Dongle(wl0) hwa event scheduled
2025 May 22 16:42:04 prplOS kernel: wl_host_event: WLC_E_BSSCFG_UP for idx[0] ifname[wl0] mld_unit[255]
2025 May 22 16:42:05 prplOS tr181-usermanagement: File not found /etc/config/tr181-usermanagement/tr181-usermanagement_config.odl
2025 May 22 16:42:05 prplOS tr181-usermanagement: mod_pcm - [x]PCM manager is not availabe - (_main@mod_pcm_svc.c:210)
2025 May 22 16:42:05 prplOS tr181-usermanagement: mod_pcm - [!]Waiting for pcm-manager - (_main@mod_pcm_svc.c:214)
2025 May 22 16:42:05 prplOS kernel: wl0: dhd_prot_ioctl: status ret value is -23 iov=wowl
2025 May 22 16:42:05 prplOS kernel: CFG80211-ERROR) wl_allocate_wowl_config : Wowl not supported (-23)
2025 May 22 16:42:05 prplOS tr181-usermanagement: mod_pcm - [!]PCM is not yet available - (app_start@mod_pcm_svc.c:190)
2025 May 22 16:42:05 prplOS acl-manager: object 'Users.Group.' available
2025 May 22 16:42:05 prplOS acl-manager: File not found /etc/config/acl-manager/acl-manager_config.odl
2025 May 22 16:42:05 prplOS tr181-led: object 'Users.User.' available
2025 May 22 16:42:05 prplOS amx-faultmonitor: object 'Users.User.' available
2025 May 22 16:42:05 prplOS tr181-led: File not found /etc/config/tr181-led/tr181-led_config.odl
2025 May 22 16:42:05 prplOS amx-faultmonitor: File not found /etc/config/amx-faultmonitor/amx-faultmonitor_config.odl
2025 May 22 16:42:05 prplOS tr181-led: mod_pcm - [x]PCM manager is not availabe - (_main@mod_pcm_svc.c:210)
2025 May 22 16:42:05 prplOS tr181-led: mod_pcm - [!]Waiting for pcm-manager - (_main@mod_pcm_svc.c:214)
2025 May 22 16:42:05 prplOS tr181-led: mod_pcm - [!]PCM is not yet available - (app_start@mod_pcm_svc.c:190)
2025 May 22 16:42:05 prplOS pcm-manager: object 'Users.User.' available
2025 May 22 16:42:05 prplOS pcm-manager: File not found /etc/config/pcm-manager/pcm-manager_config.odl
2025 May 22 16:42:05 prplOS reboot-service: object 'Users.User.' available
2025 May 22 16:42:05 prplOS pcm-manager: mod_pcm - [!]File '/etc/config/pcm-manager/pcm/pcm-manager-del.json' is not available - (pcm_inst_read@mod_pcm_inst.c:246)
2025 May 22 16:42:05 prplOS pcm-manager: mod_pcm - [!]File '/etc/config/pcm-manager/pcm/pcm-manager-add.json' is not available - (pcm_inst_read@mod_pcm_inst.c:246)
2025 May 22 16:42:05 prplOS pcm-manager: pcm     - [!]File [/cfg/pcm/pcm-manager_PersistentConfiguration.json] does not exist - (pcm_load_backup@dm_pcm_service.c:268)
2025 May 22 16:42:05 prplOS pcm-manager: pcm     - [!]File [/perm/pcm/pcm-manager_PersistentConfiguration.json] does not exist - (pcm_load_backup@dm_pcm_service.c:268)
2025 May 22 16:42:05 prplOS pcm-manager: pcm     - [!]File [/cfg/pcm/pcm-manager.json] does not exist - (pcm_load_backup@dm_pcm_service.c:268)
2025 May 22 16:42:05 prplOS tr181-usermanagement: object 'PersistentConfiguration.' available
2025 May 22 16:42:05 prplOS reboot-service: object 'PersistentConfiguration.' available
2025 May 22 16:42:05 prplOS tr181-usermanagement: mod_pcm - [!]File '/etc/config/tr181-usermanagement/pcm/tr181-usermanagement-del.json' is not available - (pcm_inst_read@mod_pcm_inst.c:246)
2025 May 22 16:42:05 prplOS tr181-usermanagement: mod_pcm - [!]File '/etc/config/tr181-usermanagement/pcm/tr181-usermanagement-add.json' is not available - (pcm_inst_read@mod_pcm_inst.c:246)
2025 May 22 16:42:05 prplOS pcm-manager: pcm     - [!]File [/cfg/pcm/tr181-usermanagement_Users.json] does not exist - (pcm_load_backup@dm_pcm_service.c:268)
2025 May 22 16:42:05 prplOS pcm-manager: pcm     - [!]File [/perm/pcm/tr181-usermanagement_Users.json] does not exist - (pcm_load_backup@dm_pcm_service.c:268)
2025 May 22 16:42:05 prplOS pcm-manager: pcm     - [x]File name is not provided - (pcm_load_backup@dm_pcm_service.c:260)
2025 May 22 16:42:05 prplOS pcm-manager: pcm     - [!]File [/cfg/pcm/reboot-service_Reboot.json] does not exist - (pcm_load_backup@dm_pcm_service.c:268)
2025 May 22 16:42:05 prplOS pcm-manager: pcm     - [!]File [/perm/pcm/reboot-service_Reboot.json] does not exist - (pcm_load_backup@dm_pcm_service.c:268)
2025 May 22 16:42:05 prplOS pcm-manager: pcm     - [!]File [/cfg/pcm/reboot-service.json] does not exist - (pcm_load_backup@dm_pcm_service.c:268)
2025 May 22 16:42:06 prplOS kernel: osl_skb_audit: PASS 
2025 May 22 16:42:06 prplOS kernel: wl_module_init: passivemode set to 0x1
2025 May 22 16:42:06 prplOS kernel: wl_module_init: txworkq set to 0x0
2025 May 22 16:42:06 prplOS kernel: [0;32mwl_pktfwd_sys_init:  [1m[34mWL_PKTFWD[1.1.0][0m Success[0m
2025 May 22 16:42:06 prplOS kernel: wl 0000:01:00.0: enabling device (0140 -> 0142)
2025 May 22 16:42:06 prplOS kernel: 0000:01:00.0: domain 0 dev_to_ifid_map ffffffff
2025 May 22 16:42:06 prplOS kernel: wl_get_next_instance: enter: wl_found 0 inst 1
2025 May 22 16:42:06 prplOS kernel: wl_get_next_instance: exit: inst 1
2025 May 22 16:42:06 prplOS kernel: 0000:01:00.0: unit 1
2025 May 22 16:42:06 prplOS kernel: wl1: creating kthread wl1-kthrd
2025 May 22 16:42:06 prplOS kernel: si_doattach: Embedded WLAN core (devid:0x6039) pseudo-PCI, switching to SI;BAR0 enum_base_pa=0x90000000 / bp_pa=0x90000000 / va=0xf5f80000
2025 May 22 16:42:06 prplOS kernel: M2MDMA: core 0 initialized, rev=136 si_flag=0x0 regs=0852c5f0
2025 May 22 16:42:06 prplOS kernel: M2MDMA: core 1 initialized, rev=136 si_flag=0x0 regs=464d45c6
2025 May 22 16:42:06 prplOS kernel: BME Service Initialization
2025 May 22 16:42:06 prplOS kernel: BME: M2M Core rev 136
2025 May 22 16:42:06 prplOS kernel: M2M: Service Initialization: M2M_DD_ENAB 0x00000003
2025 May 22 16:42:06 prplOS kernel: M2M: SUCCESS eng 0 alloc rings <07f21e1a,760d0e28>,57d1753c depth 256
2025 May 22 16:42:06 prplOS kernel: M2M: SUCCESS eng 1 alloc rings <2bd96e84,f698e25b>,df22a2b7 depth 256
2025 May 22 16:42:06 prplOS kernel: M2M: DMA 0 IntRcvLazy 01000000
2025 May 22 16:42:06 prplOS kernel: M2M: DMA 0 RcvCtrl XmtCtrl enabled
